Archive member included to satisfy reference by file (symbol)

c:/progra~1/raspbe~1/picosd~1.1/gcc-ar~1/bin/../lib/gcc/arm-none-eabi/10.3.1/thumb/v6-m/nofp\libgcc.a(_dvmd_tls.o)
                              CMakeFiles/GB_DIAG.dir/C_/Program_Files/Raspberry_Pi/Pico_SDK_v1.5.1/pico-sdk/src/rp2_common/pico_divider/divider.S.obj (__aeabi_idiv0)
c:/progra~1/raspbe~1/picosd~1.1/gcc-ar~1/bin/../lib/gcc/arm-none-eabi/10.3.1/../../../../arm-none-eabi/lib/thumb/v6-m/nofp\libc.a(lib_a-calloc.o)
                              CMakeFiles/GB_DIAG.dir/C_/Program_Files/Raspberry_Pi/Pico_SDK_v1.5.1/pico-sdk/src/rp2_common/pico_malloc/pico_malloc.c.obj (calloc)
c:/progra~1/raspbe~1/picosd~1.1/gcc-ar~1/bin/../lib/gcc/arm-none-eabi/10.3.1/../../../../arm-none-eabi/lib/thumb/v6-m/nofp\libc.a(lib_a-callocr.o)
                              c:/progra~1/raspbe~1/picosd~1.1/gcc-ar~1/bin/../lib/gcc/arm-none-eabi/10.3.1/../../../../arm-none-eabi/lib/thumb/v6-m/nofp\libc.a(lib_a-calloc.o) (_calloc_r)
c:/progra~1/raspbe~1/picosd~1.1/gcc-ar~1/bin/../lib/gcc/arm-none-eabi/10.3.1/../../../../arm-none-eabi/lib/thumb/v6-m/nofp\libc.a(lib_a-errno.o)
                              CMakeFiles/GB_DIAG.dir/C_/Users/Charles/Documents/GitHub/GB_Emu_CD/SRC/Pico-GB-20250207/ext/FatFs_SPI/src/ff_stdio.c.obj (__errno)
c:/progra~1/raspbe~1/picosd~1.1/gcc-ar~1/bin/../lib/gcc/arm-none-eabi/10.3.1/../../../../arm-none-eabi/lib/thumb/v6-m/nofp\libc.a(lib_a-fflush.o)
                              CMakeFiles/GB_DIAG.dir/C_/Users/Charles/Documents/GitHub/GB_Emu_CD/SRC/Pico-GB-20250207/ext/FatFs_SPI/sd_driver/demo_logging.c.obj (fflush)
c:/progra~1/raspbe~1/picosd~1.1/gcc-ar~1/bin/../lib/gcc/arm-none-eabi/10.3.1/../../../../arm-none-eabi/lib/thumb/v6-m/nofp\libc.a(lib_a-findfp.o)
                              c:/progra~1/raspbe~1/picosd~1.1/gcc-ar~1/bin/../lib/gcc/arm-none-eabi/10.3.1/../../../../arm-none-eabi/lib/thumb/v6-m/nofp\libc.a(lib_a-fflush.o) (__sinit)
c:/progra~1/raspbe~1/picosd~1.1/gcc-ar~1/bin/../lib/gcc/arm-none-eabi/10.3.1/../../../../arm-none-eabi/lib/thumb/v6-m/nofp\libc.a(lib_a-freer.o)
                              c:/progra~1/raspbe~1/picosd~1.1/gcc-ar~1/bin/../lib/gcc/arm-none-eabi/10.3.1/../../../../arm-none-eabi/lib/thumb/v6-m/nofp\libc.a(lib_a-fflush.o) (_free_r)
c:/progra~1/raspbe~1/picosd~1.1/gcc-ar~1/bin/../lib/gcc/arm-none-eabi/10.3.1/../../../../arm-none-eabi/lib/thumb/v6-m/nofp\libc.a(lib_a-fwalk.o)
                              c:/progra~1/raspbe~1/picosd~1.1/gcc-ar~1/bin/../lib/gcc/arm-none-eabi/10.3.1/../../../../arm-none-eabi/lib/thumb/v6-m/nofp\libc.a(lib_a-findfp.o) (_fwalk)
c:/progra~1/raspbe~1/picosd~1.1/gcc-ar~1/bin/../lib/gcc/arm-none-eabi/10.3.1/../../../../arm-none-eabi/lib/thumb/v6-m/nofp\libc.a(lib_a-impure.o)
                              c:/progra~1/raspbe~1/picosd~1.1/gcc-ar~1/bin/../lib/gcc/arm-none-eabi/10.3.1/../../../../arm-none-eabi/lib/thumb/v6-m/nofp\libc.a(lib_a-fflush.o) (_global_impure_ptr)
c:/progra~1/raspbe~1/picosd~1.1/gcc-ar~1/bin/../lib/gcc/arm-none-eabi/10.3.1/../../../../arm-none-eabi/lib/thumb/v6-m/nofp\libc.a(lib_a-init.o)
                              c:/progra~1/raspbe~1/picosd~1.1/gcc-ar~1/bin/../lib/gcc/arm-none-eabi/10.3.1/../../../../arm-none-eabi/lib/thumb/v6-m/nofp/crt0.o (__libc_init_array)
c:/progra~1/raspbe~1/picosd~1.1/gcc-ar~1/bin/../lib/gcc/arm-none-eabi/10.3.1/../../../../arm-none-eabi/lib/thumb/v6-m/nofp\libc.a(lib_a-lock.o)
                              c:/progra~1/raspbe~1/picosd~1.1/gcc-ar~1/bin/../lib/gcc/arm-none-eabi/10.3.1/../../../../arm-none-eabi/lib/thumb/v6-m/nofp\libc.a(lib_a-findfp.o) (__retarget_lock_init_recursive)
c:/progra~1/raspbe~1/picosd~1.1/gcc-ar~1/bin/../lib/gcc/arm-none-eabi/10.3.1/../../../../arm-none-eabi/lib/thumb/v6-m/nofp\libc.a(lib_a-malloc.o)
                              CMakeFiles/GB_DIAG.dir/C_/Program_Files/Raspberry_Pi/Pico_SDK_v1.5.1/pico-sdk/src/rp2_common/pico_malloc/pico_malloc.c.obj (malloc)
c:/progra~1/raspbe~1/picosd~1.1/gcc-ar~1/bin/../lib/gcc/arm-none-eabi/10.3.1/../../../../arm-none-eabi/lib/thumb/v6-m/nofp\libc.a(lib_a-mallocr.o)
                              c:/progra~1/raspbe~1/picosd~1.1/gcc-ar~1/bin/../lib/gcc/arm-none-eabi/10.3.1/../../../../arm-none-eabi/lib/thumb/v6-m/nofp\libc.a(lib_a-callocr.o) (_malloc_r)
c:/progra~1/raspbe~1/picosd~1.1/gcc-ar~1/bin/../lib/gcc/arm-none-eabi/10.3.1/../../../../arm-none-eabi/lib/thumb/v6-m/nofp\libc.a(lib_a-memcmp.o)
                              CMakeFiles/GB_DIAG.dir/C_/Users/Charles/Documents/GitHub/GB_Emu_CD/SRC/Pico-GB-20250207/ext/FatFs_SPI/ff15/source/ff.c.obj (memcmp)
c:/progra~1/raspbe~1/picosd~1.1/gcc-ar~1/bin/../lib/gcc/arm-none-eabi/10.3.1/../../../../arm-none-eabi/lib/thumb/v6-m/nofp\libc.a(lib_a-mktime.o)
                              CMakeFiles/GB_DIAG.dir/C_/Users/Charles/Documents/GitHub/GB_Emu_CD/SRC/Pico-GB-20250207/ext/FatFs_SPI/src/rtc.c.obj (mktime)
[...]
Memory Configuration

Name             Origin             Length             Attributes
FLASH            0x10000000         0x00200000         xr
RAM              0x20000000         0x00040000         xrw
SCRATCH_X        0x20040000         0x00001000         xrw
SCRATCH_Y        0x20041000         0x00001000         xrw
*default*        0x00000000         0xffffffff

Linker script and memory map

LOAD c:/progra~1/raspbe~1/picosd~1.1/gcc-ar~1/bin/../lib/gcc/arm-none-eabi/10.3.1/thumb/v6-m/nofp/crti.o
LOAD c:/progra~1/raspbe~1/picosd~1.1/gcc-ar~1/bin/../lib/gcc/arm-none-eabi/10.3.1/thumb/v6-m/nofp/crtbegin.o
LOAD c:/progra~1/raspbe~1/picosd~1.1/gcc-ar~1/bin/../lib/gcc/arm-none-eabi/10.3.1/../../../../arm-none-eabi/lib/thumb/v6-m/nofp/crt0.o

.flash_begin    0x10000000        0x0
                0x10000000                __flash_binary_start = .

.boot2          0x10000000      0x100
                0x10000000                __boot2_start__ = .
 *(.boot2)
 .boot2         0x10000000      0x100 C:\Users\Charles\AppData\Local\Temp\ccYAIQ4l.o
                0x10000100                __boot2_end__ = .
                0x00000001                ASSERT (((__boot2_end__ - __boot2_start__) == 0x100), ERROR: Pico second stage bootloader must be 256 bytes in size)

.text           0x10000100     0x86e8
                0x10000100                __logical_binary_start = .
 *(.vectors)
 .vectors       0x10000100       0xd4 CMakeFiles/GB_DIAG.dir/C_/Program_Files/Raspberry_Pi/Pico_SDK_v1.5.1/pico-sdk/src/rp2_common/pico_standard_link/crt0.S.obj
                0x10000100                __VECTOR_TABLE
                0x10000100                __vectors
                0x100001c0                isr_invalid
                0x100001c0                __default_isrs_start
                0x100001c2                isr_nmi
                0x100001c4                isr_hardfault
                0x100001c6                isr_svcall
                0x100001c8                isr_pendsv
                0x100001ca                isr_systick
                0x100001cc                isr_irq23
                0x100001cc                isr_irq18
                0x100001cc                isr_irq11
                0x100001cc                isr_irq28
                0x100001cc                isr_irq19
                0x100001cc                isr_irq0
                0x100001cc                isr_irq6
                0x100001cc                isr_irq5
                0x100001cc                isr_irq12
                0x100001cc                isr_irq22
                0x100001cc                isr_irq31
                0x100001cc                isr_irq17
                0x100001cc                isr_irq27
                0x100001cc                isr_irq30
                0x100001cc                isr_irq2
                0x100001cc                isr_irq10
                0x100001cc                isr_irq8
                0x100001cc                isr_irq24
                0x100001cc                isr_irq1
                0x100001cc                isr_irq7
                0x100001cc                isr_irq21
                0x100001cc                isr_irq20
                0x100001cc                isr_irq15
                0x100001cc                isr_irq25
                0x100001cc                isr_irq13
                0x100001cc                __unhandled_user_irq
                0x100001cc                isr_irq4
                0x100001cc                isr_irq16
                0x100001cc                isr_irq29
                0x100001cc                isr_irq26
                0x100001cc                __default_isrs_end
                0x100001cc                isr_irq3
                0x100001cc                isr_irq14
                0x100001cc                isr_irq9
                0x100001d2                unhandled_user_irq_num_in_r0
 *(.binary_info_header)
 .binary_info_header
                0x100001d4       0x14 CMakeFiles/GB_DIAG.dir/C_/Program_Files/Raspberry_Pi/Pico_SDK_v1.5.1/pico-sdk/src/rp2_common/pico_standard_link/crt0.S.obj
                0x100001e8                __binary_info_header_end = .
 *(.reset)
 .reset         0x100001e8       0xa0 CMakeFiles/GB_DIAG.dir/C_/Program_Files/Raspberry_Pi/Pico_SDK_v1.5.1/pico-sdk/src/rp2_common/pico_standard_link/crt0.S.obj
                0x100001e8                _entry_point
 .reset         0x10000288       0x30 CMakeFiles/GB_DIAG.dir/C_/Program_Files/Raspberry_Pi/Pico_SDK_v1.5.1/pico-sdk/src/rp2_common/pico_standard_link/binary_info.c.obj
 *(.init)
 .init          0x100002b8        0x4 c:/progra~1/raspbe~1/picosd~1.1/gcc-ar~1/bin/../lib/gcc/arm-none-eabi/10.3.1/thumb/v6-m/nofp/crti.o
                0x100002b8                _init
 *(EXCLUDE_FILE(*libm.a: *libc.a:*lib_a-mem*.o *libgcc.a:) .text*)
 .text          0x100002bc       0x48 c:/progra~1/raspbe~1/picosd~1.1/gcc-ar~1/bin/../lib/gcc/arm-none-eabi/10.3.1/thumb/v6-m/nofp/crtbegin.o
 .text.spi_dma_isr
                0x10000304       0x10 CMakeFiles/GB_DIAG.dir/main.c.obj
                0x10000304                spi_dma_isr
 .text.draw_row
                0x10000314       0x40 CMakeFiles/GB_DIAG.dir/main.c.obj
 .text.sd_get_num
                0x10000354        0x4 CMakeFiles/GB_DIAG.dir/main.c.obj
                0x10000354                sd_get_num
 .text.sd_get_by_num
                0x10000358       0x20 CMakeFiles/GB_DIAG.dir/main.c.obj
                0x10000358                sd_get_by_num
 .text.spi_get_num
                0x10000378        0x4 CMakeFiles/GB_DIAG.dir/main.c.obj
                0x10000378                spi_get_num
 .text.spi_get_by_num
                0x1000037c       0x14 CMakeFiles/GB_DIAG.dir/main.c.obj
                0x1000037c                spi_get_by_num
 .text.mk_ili9225_set_rst
                0x10000390       0x14 CMakeFiles/GB_DIAG.dir/main.c.obj
                0x10000390                mk_ili9225_set_rst
 .text.mk_ili9225_set_rs
                0x100003a4       0x14 CMakeFiles/GB_DIAG.dir/main.c.obj
                0x100003a4                mk_ili9225_set_rs
 .text.mk_ili9225_set_cs
                0x100003b8       0x14 CMakeFiles/GB_DIAG.dir/main.c.obj
                0x100003b8                mk_ili9225_set_cs
 .text.mk_ili9225_set_led
                0x100003cc       0x14 CMakeFiles/GB_DIAG.dir/main.c.obj
                0x100003cc                mk_ili9225_set_led
 .text.mk_ili9225_spi_write16
                0x100003e0       0x14 CMakeFiles/GB_DIAG.dir/main.c.obj
                0x100003e0                mk_ili9225_spi_write16
 .text.mk_ili9225_delay_ms
                0x100003f4        0x8 CMakeFiles/GB_DIAG.dir/main.c.obj
                0x100003f4                mk_ili9225_delay_ms
 .text.startup.main
                0x100003fc      0x2bc CMakeFiles/GB_DIAG.dir/main.c.obj
                0x100003fc                main
 .text.mk_ili9225_init
                0x100006b8      0x224 CMakeFiles/GB_DIAG.dir/C_/Users/Charles/Documents/GitHub/GB_Emu_CD/SRC/Pico-GB-20250207/src/mk_ili9225.c.obj
                0x100006b8                mk_ili9225_init
 .text.mk_ili9225_fill_rect
                0x100008dc      0x234 CMakeFiles/GB_DIAG.dir/C_/Users/Charles/Documents/GitHub/GB_Emu_CD/SRC/Pico-GB-20250207/src/mk_ili9225.c.obj
                0x100008dc                mk_ili9225_fill_rect
 .text.mk_ili9225_fill
                0x10000b10       0x18 CMakeFiles/GB_DIAG.dir/C_/Users/Charles/Documents/GitHub/GB_Emu_CD/SRC/Pico-GB-20250207/src/mk_ili9225.c.obj
                0x10000b10                mk_ili9225_fill
 .text.mk_ili9225_blit
                0x10000b28      0x230 CMakeFiles/GB_DIAG.dir/C_/Users/Charles/Documents/GitHub/GB_Emu_CD/SRC/Pico-GB-20250207/src/mk_ili9225.c.obj
                0x10000b28                mk_ili9225_blit
 .text.mk_ili9225_get_letter
                0x10000d58      0x210 CMakeFiles/GB_DIAG.dir/C_/Users/Charles/Documents/GitHub/GB_Emu_CD/SRC/Pico-GB-20250207/src/mk_ili9225.c.obj
                0x10000d58                mk_ili9225_get_letter
 .text.mk_ili9225_text
                0x10000f68       0x60 CMakeFiles/GB_DIAG.dir/C_/Users/Charles/Documents/GitHub/GB_Emu_CD/SRC/Pico-GB-20250207/src/mk_ili9225.c.obj
                0x10000f68                mk_ili9225_text
 .text.gpio_set_function
                0x10000fc8       0x30 CMakeFiles/GB_DIAG.dir/C_/Program_Files/Raspberry_Pi/Pico_SDK_v1.5.1/pico-sdk/src/rp2_common/hardware_gpio/gpio.c.obj
                0x10000fc8                gpio_set_function
 .text.gpio_set_pulls
                0x10000ff8       0x30 CMakeFiles/GB_DIAG.dir/C_/Program_Files/Raspberry_Pi/Pico_SDK_v1.5.1/pico-sdk/src/rp2_common/hardware_gpio/gpio.c.obj
                0x10000ff8                gpio_set_pulls
 .text.gpio_set_slew_rate
                0x10001028       0x20 CMakeFiles/GB_DIAG.dir/C_/Program_Files/Raspberry_Pi/Pico_SDK_v1.5.1/pico-sdk/src/rp2_common/hardware_gpio/gpio.c.obj
                0x10001028                gpio_set_slew_rate
 .text.gpio_set_drive_strength
                0x10001048       0x20 CMakeFiles/GB_DIAG.dir/C_/Program_Files/Raspberry_Pi/Pico_SDK_v1.5.1/pico-sdk/src/rp2_common/hardware_gpio/gpio.c.obj
                0x10001048                gpio_set_drive_strength
 .text.gpio_init
                0x10001068       0x3c CMakeFiles/GB_DIAG.dir/C_/Program_Files/Raspberry_Pi/Pico_SDK_v1.5.1/pico-sdk/src/rp2_common/hardware_gpio/gpio.c.obj
                0x10001068                gpio_init
 .text.running_on_fpga
                0x100010a4       0x10 CMakeFiles/GB_DIAG.dir/C_/Program_Files/Raspberry_Pi/Pico_SDK_v1.5.1/pico-sdk/src/rp2_common/pico_platform/platform.c.obj
                0x100010a4                running_on_fpga
 .text.hw_claim_or_assert
                0x100010b4       0x44 CMakeFiles/GB_DIAG.dir/C_/Program_Files/Raspberry_Pi/Pico_SDK_v1.5.1/pico-sdk/src/rp2_common/hardware_claim/claim.c.obj
                0x100010b4                hw_claim_or_assert
 .text.hw_claim_unused_from_range
                0x100010f8       0x9c CMakeFiles/GB_DIAG.dir/C_/Program_Files/Raspberry_Pi/Pico_SDK_v1.5.1/pico-sdk/src/rp2_common/hardware_claim/claim.c.obj
                0x100010f8                hw_claim_unused_from_range
 .text.spin_locks_reset
                0x10001194       0x1c CMakeFiles/GB_DIAG.dir/C_/Program_Files/Raspberry_Pi/Pico_SDK_v1.5.1/pico-sdk/src/rp2_common/hardware_sync/sync.c.obj
                0x10001194                spin_locks_reset
 .text.next_striped_spin_lock_num
                0x100011b0       0x18 CMakeFiles/GB_DIAG.dir/C_/Program_Files/Raspberry_Pi/Pico_SDK_v1.5.1/pico-sdk/src/rp2_common/hardware_sync/sync.c.obj
                0x100011b0                next_striped_spin_lock_num
 .text.irq_set_enabled
                0x100011c8       0x24 CMakeFiles/GB_DIAG.dir/C_/Program_Files/Raspberry_Pi/Pico_SDK_v1.5.1/pico-sdk/src/rp2_common/hardware_irq/irq.c.obj
                0x100011c8                irq_set_enabled
 .text.irq_get_vtable_handler
                0x100011ec       0x10 CMakeFiles/GB_DIAG.dir/C_/Program_Files/Raspberry_Pi/Pico_SDK_v1.5.1/pico-sdk/src/rp2_common/hardware_irq/irq.c.obj
                0x100011ec                irq_get_vtable_handler
 .text.irq_set_exclusive_handler
                0x100011fc       0x54 CMakeFiles/GB_DIAG.dir/C_/Program_Files/Raspberry_Pi/Pico_SDK_v1.5.1/pico-sdk/src/rp2_common/hardware_irq/irq.c.obj
                0x100011fc                irq_set_exclusive_handler
 .text.irq_add_shared_handler
                0x10001250      0x1e8 CMakeFiles/GB_DIAG.dir/C_/Program_Files/Raspberry_Pi/Pico_SDK_v1.5.1/pico-sdk/src/rp2_common/hardware_irq/irq.c.obj
                0x10001250                irq_add_shared_handler
 .text.irq_remove_handler
                0x10001438      0x1b0 CMakeFiles/GB_DIAG.dir/C_/Program_Files/Raspberry_Pi/Pico_SDK_v1.5.1/pico-sdk/src/rp2_common/hardware_irq/irq.c.obj
                0x10001438                irq_remove_handler
 .text.irq_add_tail_to_free_list
                0x100015e8       0xb4 CMakeFiles/GB_DIAG.dir/C_/Program_Files/Raspberry_Pi/Pico_SDK_v1.5.1/pico-sdk/src/rp2_common/hardware_irq/irq.c.obj
                0x100015e8                irq_add_tail_to_free_list
 .text.irq_init_priorities
                0x1000169c       0x24 CMakeFiles/GB_DIAG.dir/C_/Program_Files/Raspberry_Pi/Pico_SDK_v1.5.1/pico-sdk/src/rp2_common/hardware_irq/irq.c.obj
                0x1000169c                irq_init_priorities
 .text.sem_init
                0x100016c0       0x20 CMakeFiles/GB_DIAG.dir/C_/Program_Files/Raspberry_Pi/Pico_SDK_v1.5.1/pico-sdk/src/common/pico_sync/sem.c.obj
                0x100016c0                sem_init
 .text.lock_init
                0x100016e0       0x10 CMakeFiles/GB_DIAG.dir/C_/Program_Files/Raspberry_Pi/Pico_SDK_v1.5.1/pico-sdk/src/common/pico_sync/lock_core.c.obj
                0x100016e0                lock_init
 .text.mutex_init
                0x100016f0       0x1c CMakeFiles/GB_DIAG.dir/C_/Program_Files/Raspberry_Pi/Pico_SDK_v1.5.1/pico-sdk/src/common/pico_sync/mutex.c.obj
                0x100016f0                mutex_init
 .text.recursive_mutex_init
                0x1000170c       0x1c CMakeFiles/GB_DIAG.dir/C_/Program_Files/Raspberry_Pi/Pico_SDK_v1.5.1/pico-sdk/src/common/pico_sync/mutex.c.obj
                0x1000170c                recursive_mutex_init
 .text.timer_pool_entry_comparator
                0x10001728       0x34 CMakeFiles/GB_DIAG.dir/C_/Program_Files/Raspberry_Pi/Pico_SDK_v1.5.1/pico-sdk/src/common/pico_time/time.c.obj
                0x10001728                timer_pool_entry_comparator
 .text.sleep_until_callback
                0x1000175c       0x30 CMakeFiles/GB_DIAG.dir/C_/Program_Files/Raspberry_Pi/Pico_SDK_v1.5.1/pico-sdk/src/common/pico_time/time.c.obj
 .text.add_alarm_under_lock.isra.0
                0x1000178c      0x100 CMakeFiles/GB_DIAG.dir/C_/Program_Files/Raspberry_Pi/Pico_SDK_v1.5.1/pico-sdk/src/common/pico_time/time.c.obj
 .text.alarm_pool_alarm_callback
                0x1000188c      0x1bc CMakeFiles/GB_DIAG.dir/C_/Program_Files/Raspberry_Pi/Pico_SDK_v1.5.1/pico-sdk/src/common/pico_time/time.c.obj
 .text.alarm_pool_init_default
                0x10001a48       0x6c CMakeFiles/GB_DIAG.dir/C_/Program_Files/Raspberry_Pi/Pico_SDK_v1.5.1/pico-sdk/src/common/pico_time/time.c.obj
                0x10001a48                alarm_pool_init_default
 .text.alarm_pool_add_alarm_at
                0x10001ab4      0x178 CMakeFiles/GB_DIAG.dir/C_/Program_Files/Raspberry_Pi/Pico_SDK_v1.5.1/pico-sdk/src/common/pico_time/time.c.obj
                0x10001ab4                alarm_pool_add_alarm_at
 .text.sleep_until
                0x10001c2c       0xc4 CMakeFiles/GB_DIAG.dir/C_/Program_Files/Raspberry_Pi/Pico_SDK_v1.5.1/pico-sdk/src/common/pico_time/time.c.obj
                0x10001c2c                sleep_until
 .text.sleep_ms
                0x10001cf0       0x34 CMakeFiles/GB_DIAG.dir/C_/Program_Files/Raspberry_Pi/Pico_SDK_v1.5.1/pico-sdk/src/common/pico_time/time.c.obj
                0x10001cf0                sleep_ms
 .text.best_effort_wfe_or_timeout
                0x10001d24       0xd4 CMakeFiles/GB_DIAG.dir/C_/Program_Files/Raspberry_Pi/Pico_SDK_v1.5.1/pico-sdk/src/common/pico_time/time.c.obj
                0x10001d24                best_effort_wfe_or_timeout
 .text.hardware_alarm_irq_handler
                0x10001df8       0xbc CMakeFiles/GB_DIAG.dir/C_/Program_Files/Raspberry_Pi/Pico_SDK_v1.5.1/pico-sdk/src/rp2_common/hardware_timer/timer.c.obj
 .text.hardware_alarm_claim
                0x10001eb4       0x18 CMakeFiles/GB_DIAG.dir/C_/Program_Files/Raspberry_Pi/Pico_SDK_v1.5.1/pico-sdk/src/rp2_common/hardware_timer/timer.c.obj
                0x10001eb4                hardware_alarm_claim
 .text.time_us_64
                0x10001ecc       0x14 CMakeFiles/GB_DIAG.dir/C_/Program_Files/Raspberry_Pi/Pico_SDK_v1.5.1/pico-sdk/src/rp2_common/hardware_timer/timer.c.obj
                0x10001ecc                time_us_64
 .text.busy_wait_us
                0x10001ee0       0x54 CMakeFiles/GB_DIAG.dir/C_/Program_Files/Raspberry_Pi/Pico_SDK_v1.5.1/pico-sdk/src/rp2_common/hardware_timer/timer.c.obj
                0x10001ee0                busy_wait_us
 .text.busy_wait_until
                0x10001f34       0x20 CMakeFiles/GB_DIAG.dir/C_/Program_Files/Raspberry_Pi/Pico_SDK_v1.5.1/pico-sdk/src/rp2_common/hardware_timer/timer.c.obj
                0x10001f34                busy_wait_until
 .text.hardware_alarm_set_callback
                0x10001f54       0x8c CMakeFiles/GB_DIAG.dir/C_/Program_Files/Raspberry_Pi/Pico_SDK_v1.5.1/pico-sdk/src/rp2_common/hardware_timer/timer.c.obj
                0x10001f54                hardware_alarm_set_callback
 .text.hardware_alarm_set_target
                0x10001fe0       0xd4 CMakeFiles/GB_DIAG.dir/C_/Program_Files/Raspberry_Pi/Pico_SDK_v1.5.1/pico-sdk/src/rp2_common/hardware_timer/timer.c.obj
                0x10001fe0                hardware_alarm_set_target
 .text.hardware_alarm_cancel
                0x100020b4       0x3c CMakeFiles/GB_DIAG.dir/C_/Program_Files/Raspberry_Pi/Pico_SDK_v1.5.1/pico-sdk/src/rp2_common/hardware_timer/timer.c.obj
                0x100020b4                hardware_alarm_cancel
 .text.ph_merge_nodes
                0x100020f0       0x68 CMakeFiles/GB_DIAG.dir/C_/Program_Files/Raspberry_Pi/Pico_SDK_v1.5.1/pico-sdk/src/common/pico_util/pheap.c.obj
 .text.ph_post_alloc_init
                0x10002158       0x3c CMakeFiles/GB_DIAG.dir/C_/Program_Files/Raspberry_Pi/Pico_SDK_v1.5.1/pico-sdk/src/common/pico_util/pheap.c.obj
                0x10002158                ph_post_alloc_init
 .text.ph_merge_two_pass
                0x10002194       0x90 CMakeFiles/GB_DIAG.dir/C_/Program_Files/Raspberry_Pi/Pico_SDK_v1.5.1/pico-sdk/src/common/pico_util/pheap.c.obj
                0x10002194                ph_merge_two_pass
 .text.ph_remove_any_head
                0x10002224      0x100 CMakeFiles/GB_DIAG.dir/C_/Program_Files/Raspberry_Pi/Pico_SDK_v1.5.1/pico-sdk/src/common/pico_util/pheap.c.obj
 .text.ph_remove_head
                0x10002324      0x104 CMakeFiles/GB_DIAG.dir/C_/Program_Files/Raspberry_Pi/Pico_SDK_v1.5.1/pico-sdk/src/common/pico_util/pheap.c.obj
                0x10002324                ph_remove_head
 .text.ph_remove_and_free_node
                0x10002428       0x7c CMakeFiles/GB_DIAG.dir/C_/Program_Files/Raspberry_Pi/Pico_SDK_v1.5.1/pico-sdk/src/common/pico_util/pheap.c.obj
                0x10002428                ph_remove_and_free_node
 .text.uart_init
                0x100024a4      0x188 CMakeFiles/GB_DIAG.dir/C_/Program_Files/Raspberry_Pi/Pico_SDK_v1.5.1/pico-sdk/src/rp2_common/hardware_uart/uart.c.obj
                0x100024a4                uart_init
 .text.clock_configure
                0x1000262c      0x118 CMakeFiles/GB_DIAG.dir/C_/Program_Files/Raspberry_Pi/Pico_SDK_v1.5.1/pico-sdk/src/rp2_common/hardware_clocks/clocks.c.obj
                0x1000262c                clock_configure
 .text.clocks_init
                0x10002744      0x2d0 CMakeFiles/GB_DIAG.dir/C_/Program_Files/Raspberry_Pi/Pico_SDK_v1.5.1/pico-sdk/src/rp2_common/hardware_clocks/clocks.c.obj
                0x10002744                clocks_init
 .text.clock_get_hz
                0x10002a14        0xc CMakeFiles/GB_DIAG.dir/C_/Program_Files/Raspberry_Pi/Pico_SDK_v1.5.1/pico-sdk/src/rp2_common/hardware_clocks/clocks.c.obj
                0x10002a14                clock_get_hz
 .text.pll_init
                0x10002a20       0xa0 CMakeFiles/GB_DIAG.dir/C_/Program_Files/Raspberry_Pi/Pico_SDK_v1.5.1/pico-sdk/src/rp2_common/hardware_pll/pll.c.obj
                0x10002a20                pll_init
 .text.watchdog_start_tick
                0x10002ac0       0x10 CMakeFiles/GB_DIAG.dir/C_/Program_Files/Raspberry_Pi/Pico_SDK_v1.5.1/pico-sdk/src/rp2_common/hardware_watchdog/watchdog.c.obj
                0x10002ac0                watchdog_start_tick
 .text.xosc_init
                0x10002ad0       0x28 CMakeFiles/GB_DIAG.dir/C_/Program_Files/Raspberry_Pi/Pico_SDK_v1.5.1/pico-sdk/src/rp2_common/hardware_xosc/xosc.c.obj
                0x10002ad0                xosc_init
 .text.runtime_init
                0x10002af8       0xf0 CMakeFiles/GB_DIAG.dir/C_/Program_Files/Raspberry_Pi/Pico_SDK_v1.5.1/pico-sdk/src/rp2_common/pico_runtime/runtime.c.obj
                0x10002af8                runtime_init
 .text._exit    0x10002be8        0x4 CMakeFiles/GB_DIAG.dir/C_/Program_Files/Raspberry_Pi/Pico_SDK_v1.5.1/pico-sdk/src/rp2_common/pico_runtime/runtime.c.obj
                0x10002be8                _exit
 .text._sbrk    0x10002bec       0x34 CMakeFiles/GB_DIAG.dir/C_/Program_Files/Raspberry_Pi/Pico_SDK_v1.5.1/pico-sdk/src/rp2_common/pico_runtime/runtime.c.obj
                0x10002bec                _sbrk
 .text.exit     0x10002c20        0x8 CMakeFiles/GB_DIAG.dir/C_/Program_Files/Raspberry_Pi/Pico_SDK_v1.5.1/pico-sdk/src/rp2_common/pico_runtime/runtime.c.obj
                0x10002c20                exit
 .text.panic    0x10002c28       0x30 CMakeFiles/GB_DIAG.dir/C_/Program_Files/Raspberry_Pi/Pico_SDK_v1.5.1/pico-sdk/src/rp2_common/pico_runtime/runtime.c.obj
                0x10002c28                panic
 .text.hard_assertion_failure
                0x10002c58        0xc CMakeFiles/GB_DIAG.dir/C_/Program_Files/Raspberry_Pi/Pico_SDK_v1.5.1/pico-sdk/src/rp2_common/pico_runtime/runtime.c.obj
                0x10002c58                hard_assertion_failure
 .text._out_buffer
                0x10002c64        0x8 CMakeFiles/GB_DIAG.dir/C_/Program_Files/Raspberry_Pi/Pico_SDK_v1.5.1/pico-sdk/src/rp2_common/pico_printf/printf.c.obj
 .text._out_null
                0x10002c6c        0x4 CMakeFiles/GB_DIAG.dir/C_/Program_Files/Raspberry_Pi/Pico_SDK_v1.5.1/pico-sdk/src/rp2_common/pico_printf/printf.c.obj
 .text._out_rev
                0x10002c70       0x9c CMakeFiles/GB_DIAG.dir/C_/Program_Files/Raspberry_Pi/Pico_SDK_v1.5.1/pico-sdk/src/rp2_common/pico_printf/printf.c.obj
 .text._ntoa_format
                0x10002d0c      0x1cc CMakeFiles/GB_DIAG.dir/C_/Program_Files/Raspberry_Pi/Pico_SDK_v1.5.1/pico-sdk/src/rp2_common/pico_printf/printf.c.obj
 .text._out_char
                0x10002ed8       0x10 CMakeFiles/GB_DIAG.dir/C_/Program_Files/Raspberry_Pi/Pico_SDK_v1.5.1/pico-sdk/src/rp2_common/pico_printf/printf.c.obj
 .text._out_fct
                0x10002ee8       0x10 CMakeFiles/GB_DIAG.dir/C_/Program_Files/Raspberry_Pi/Pico_SDK_v1.5.1/pico-sdk/src/rp2_common/pico_printf/printf.c.obj
 .text._etoa    0x10002ef8      0x44c CMakeFiles/GB_DIAG.dir/C_/Program_Files/Raspberry_Pi/Pico_SDK_v1.5.1/pico-sdk/src/rp2_common/pico_printf/printf.c.obj
 .text._ftoa    0x10003344      0x398 CMakeFiles/GB_DIAG.dir/C_/Program_Files/Raspberry_Pi/Pico_SDK_v1.5.1/pico-sdk/src/rp2_common/pico_printf/printf.c.obj
 .text._vsnprintf
                0x100036dc      0xb04 CMakeFiles/GB_DIAG.dir/C_/Program_Files/Raspberry_Pi/Pico_SDK_v1.5.1/pico-sdk/src/rp2_common/pico_printf/printf.c.obj
 .text.__wrap_vsnprintf
                0x100041e0       0x1c CMakeFiles/GB_DIAG.dir/C_/Program_Files/Raspberry_Pi/Pico_SDK_v1.5.1/pico-sdk/src/rp2_common/pico_printf/printf.c.obj
                0x100041e0                __wrap_vsnprintf
 .text.vfctprintf
                0x100041fc       0x20 CMakeFiles/GB_DIAG.dir/C_/Program_Files/Raspberry_Pi/Pico_SDK_v1.5.1/pico-sdk/src/rp2_common/pico_printf/printf.c.obj
                0x100041fc                vfctprintf
 .text.weak_raw_vprintf
                0x1000421c       0x30 CMakeFiles/GB_DIAG.dir/C_/Program_Files/Raspberry_Pi/Pico_SDK_v1.5.1/pico-sdk/src/rp2_common/pico_printf/printf.c.obj
                0x1000421c                weak_raw_vprintf
 .text          0x1000424c       0x10 CMakeFiles/GB_DIAG.dir/C_/Program_Files/Raspberry_Pi/Pico_SDK_v1.5.1/pico-sdk/src/rp2_common/pico_bit_ops/bit_ops_aeabi.S.obj
 .text.rom_func_lookup
                0x1000425c       0x10 CMakeFiles/GB_DIAG.dir/C_/Program_Files/Raspberry_Pi/Pico_SDK_v1.5.1/pico-sdk/src/rp2_common/pico_bootrom/bootrom.c.obj
                0x1000425c                rom_func_lookup
 .text.rom_data_lookup
                0x1000426c       0x10 CMakeFiles/GB_DIAG.dir/C_/Program_Files/Raspberry_Pi/Pico_SDK_v1.5.1/pico-sdk/src/rp2_common/pico_bootrom/bootrom.c.obj
                0x1000426c                rom_data_lookup
 .text.rom_funcs_lookup
                0x1000427c       0x44 CMakeFiles/GB_DIAG.dir/C_/Program_Files/Raspberry_Pi/Pico_SDK_v1.5.1/pico-sdk/src/rp2_common/pico_bootrom/bootrom.c.obj
                0x1000427c                rom_funcs_lookup
 .text.__wrap___aeabi_idiv
                0x100042c0       0x50 CMakeFiles/GB_DIAG.dir/C_/Program_Files/Raspberry_Pi/Pico_SDK_v1.5.1/pico-sdk/src/rp2_common/pico_divider/divider.S.obj
                0x100042c0                __wrap___aeabi_idivmod
                0x100042c0                divmod_s32s32
                0x100042c0                div_s32s32
                0x100042c0                __wrap___aeabi_idiv
                0x100042c8                divmod_s32s32_unsafe
                0x100042f4                divmod_s32s32_savestate
 .text.__wrap___aeabi_uidiv
                0x10004310       0x4c CMakeFiles/GB_DIAG.dir/C_/Program_Files/Raspberry_Pi/Pico_SDK_v1.5.1/pico-sdk/src/rp2_common/pico_divider/divider.S.obj
                0x10004310                __wrap___aeabi_uidiv
                0x10004310                __wrap___aeabi_uidivmod
                0x10004310                div_u32u32
                0x10004310                divmod_u32u32
                0x10004318                divmod_u32u32_unsafe
                0x10004340                divmod_u32u32_savestate
 .text.__wrap___aeabi_ldiv
                0x1000435c      0x424 CMakeFiles/GB_DIAG.dir/C_/Program_Files/Raspberry_Pi/Pico_SDK_v1.5.1/pico-sdk/src/rp2_common/pico_divider/divider.S.obj
                0x1000435c                div_s64s64
                0x1000435c                divmod_s64s64
                0x1000435c                __wrap___aeabi_ldivmod
                0x1000438c                divmod_u64u64
                0x1000438c                div_u64u64
                0x1000438c                __wrap___aeabi_uldivmod
                0x1000439c                divmod_u64u64_savestate
                0x100043bc                divmod_s64s64_unsafe
                0x10004444                divmod_u64u64_unsafe
 .text.__wrap___aeabi_darithmetic
                0x10004780       0x80 CMakeFiles/GB_DIAG.dir/C_/Program_Files/Raspberry_Pi/Pico_SDK_v1.5.1/pico-sdk/src/rp2_common/pico_double/double_aeabi.S.obj
                0x10004780                __wrap___aeabi_drsub
                0x10004786                __wrap___aeabi_dsub
                0x10004798                __wrap___aeabi_dadd
                0x100047aa                __wrap___aeabi_ddiv
                0x100047e6                __wrap___aeabi_dmul
 .text.__wrap___aeabi_cdcmple
                0x10004800       0x6c CMakeFiles/GB_DIAG.dir/C_/Program_Files/Raspberry_Pi/Pico_SDK_v1.5.1/pico-sdk/src/rp2_common/pico_double/double_aeabi.S.obj
                0x10004800                __wrap___aeabi_cdrcmple
                0x10004810                __wrap___aeabi_cdcmpeq
                0x10004810                __wrap___aeabi_cdcmple
 .text.__wrap___aeabi_dcmplt
                0x1000486c        0xc CMakeFiles/GB_DIAG.dir/C_/Program_Files/Raspberry_Pi/Pico_SDK_v1.5.1/pico-sdk/src/rp2_common/pico_double/double_aeabi.S.obj
                0x1000486c                __wrap___aeabi_dcmplt
 .text.__wrap___aeabi_dcmple
                0x10004878       0x10 CMakeFiles/GB_DIAG.dir/C_/Program_Files/Raspberry_Pi/Pico_SDK_v1.5.1/pico-sdk/src/rp2_common/pico_double/double_aeabi.S.obj
                0x10004878                __wrap___aeabi_dcmple
 .text.__wrap___aeabi_dcmpge
                0x10004888       0x10 CMakeFiles/GB_DIAG.dir/C_/Program_Files/Raspberry_Pi/Pico_SDK_v1.5.1/pico-sdk/src/rp2_common/pico_double/double_aeabi.S.obj
                0x10004888                __wrap___aeabi_dcmpge
 .text.__wrap___aeabi_dcmpgt
                0x10004898        0xa CMakeFiles/GB_DIAG.dir/C_/Program_Files/Raspberry_Pi/Pico_SDK_v1.5.1/pico-sdk/src/rp2_common/pico_double/double_aeabi.S.obj
                0x10004898                __wrap___aeabi_dcmpgt
 .text.__wrap___aeabi_dcmpun
                0x100048a2       0x1c CMakeFiles/GB_DIAG.dir/C_/Program_Files/Raspberry_Pi/Pico_SDK_v1.5.1/pico-sdk/src/rp2_common/pico_double/double_aeabi.S.obj
                0x100048a2                __wrap___aeabi_dcmpun
 *fill*         0x100048be        0x2 
 .text.__wrap___aeabi_i2d
                0x100048c0       0x38 CMakeFiles/GB_DIAG.dir/C_/Program_Files/Raspberry_Pi/Pico_SDK_v1.5.1/pico-sdk/src/rp2_common/pico_double/double_aeabi.S.obj
                0x100048c0                __wrap___aeabi_ui2d
                0x100048c8                __wrap___aeabi_i2d
 .text.__wrap___aeabi_d2iz
                0x100048f8       0x48 CMakeFiles/GB_DIAG.dir/C_/Program_Files/Raspberry_Pi/Pico_SDK_v1.5.1/pico-sdk/src/rp2_common/pico_double/double_aeabi.S.obj
                0x100048f8                double2int_z
                0x100048f8                __wrap___aeabi_d2iz
 .text.__wrap___aeabi_d2uiz
                0x10004940       0x18 CMakeFiles/GB_DIAG.dir/C_/Program_Files/Raspberry_Pi/Pico_SDK_v1.5.1/pico-sdk/src/rp2_common/pico_double/double_aeabi.S.obj
                0x10004940                __wrap___aeabi_d2uiz
                0x10004940                double2uint
 .text.__aeabi_double_init
                0x10004958       0x94 CMakeFiles/GB_DIAG.dir/C_/Program_Files/Raspberry_Pi/Pico_SDK_v1.5.1/pico-sdk/src/rp2_common/pico_double/double_init_rom.c.obj
                0x10004958                __aeabi_double_init
 .text.double_table_shim_on_use_helper
                0x100049ec       0x2c CMakeFiles/GB_DIAG.dir/C_/Program_Files/Raspberry_Pi/Pico_SDK_v1.5.1/pico-sdk/src/rp2_common/pico_double/double_v1_rom_shim.S.obj
                0x100049ec                double_table_shim_on_use_helper
 .text.__wrap___aeabi_dsub
                0x10004a18       0x10 CMakeFiles/GB_DIAG.dir/C_/Program_Files/Raspberry_Pi/Pico_SDK_v1.5.1/pico-sdk/src/rp2_common/pico_double/double_v1_rom_shim.S.obj
                0x10004a18                drsub_shim
                0x10004a1e                dsub_shim
 .text.dadd_shim
                0x10004a28      0x15c CMakeFiles/GB_DIAG.dir/C_/Program_Files/Raspberry_Pi/Pico_SDK_v1.5.1/pico-sdk/src/rp2_common/pico_double/double_v1_rom_shim.S.obj
                0x10004a28                dadd_shim
 .text.dmul_shim
                0x10004b84      0x15c CMakeFiles/GB_DIAG.dir/C_/Program_Files/Raspberry_Pi/Pico_SDK_v1.5.1/pico-sdk/src/rp2_common/pico_double/double_v1_rom_shim.S.obj
                0x10004b84                dmul_shim
 .text.ddiv_shim
                0x10004ce0      0x1b0 CMakeFiles/GB_DIAG.dir/C_/Program_Files/Raspberry_Pi/Pico_SDK_v1.5.1/pico-sdk/src/rp2_common/pico_double/double_v1_rom_shim.S.obj
                0x10004ce0                ddiv_shim
 .text.double2uint_shim
                0x10004e90        0xe CMakeFiles/GB_DIAG.dir/C_/Program_Files/Raspberry_Pi/Pico_SDK_v1.5.1/pico-sdk/src/rp2_common/pico_double/double_v1_rom_shim.S.obj
                0x10004e90                double2uint_shim
                0x10004e92                double2ufix_shim
 *fill*         0x10004e9e        0x2 
 .text.double2uint64_shim
                0x10004ea0       0x70 CMakeFiles/GB_DIAG.dir/C_/Program_Files/Raspberry_Pi/Pico_SDK_v1.5.1/pico-sdk/src/rp2_common/pico_double/double_v1_rom_shim.S.obj
                0x10004ea0                double2uint64_shim
                0x10004ea2                double2ufix64_shim
                0x10004ec2                d2fix_a
 .text.dunpacks
                0x10004f10       0x3c CMakeFiles/GB_DIAG.dir/C_/Program_Files/Raspberry_Pi/Pico_SDK_v1.5.1/pico-sdk/src/rp2_common/pico_double/double_v1_rom_shim.S.obj
                0x10004f10                dunpacks
 .text.__aeabi_lmul
                0x10004f4c       0x32 CMakeFiles/GB_DIAG.dir/C_/Program_Files/Raspberry_Pi/Pico_SDK_v1.5.1/pico-sdk/src/rp2_common/pico_int64_ops/pico_int64_ops_aeabi.S.obj
                0x10004f4c                __wrap___aeabi_lmul
 *fill*         0x10004f7e        0x2 
 .text.__aeabi_float_init
                0x10004f80       0x64 CMakeFiles/GB_DIAG.dir/C_/Program_Files/Raspberry_Pi/Pico_SDK_v1.5.1/pico-sdk/src/rp2_common/pico_float/float_init_rom.c.obj
                0x10004f80                __aeabi_float_init
 .text.float_table_shim_on_use_helper
                0x10004fe4       0x2c CMakeFiles/GB_DIAG.dir/C_/Program_Files/Raspberry_Pi/Pico_SDK_v1.5.1/pico-sdk/src/rp2_common/pico_float/float_v1_rom_shim.S.obj
                0x10004fe4                float_table_shim_on_use_helper
 .text          0x10005010       0x10 CMakeFiles/GB_DIAG.dir/C_/Program_Files/Raspberry_Pi/Pico_SDK_v1.5.1/pico-sdk/src/rp2_common/pico_mem_ops/mem_ops_aeabi.S.obj
                0x10005010                __aeabi_mem_init
 .text.memset   0x10005020        0xc CMakeFiles/GB_DIAG.dir/C_/Program_Files/Raspberry_Pi/Pico_SDK_v1.5.1/pico-sdk/src/rp2_common/pico_mem_ops/mem_ops_aeabi.S.obj
                0x10005020                __wrap_memset
 .text.memcpy   0x1000502c        0xc CMakeFiles/GB_DIAG.dir/C_/Program_Files/Raspberry_Pi/Pico_SDK_v1.5.1/pico-sdk/src/rp2_common/pico_mem_ops/mem_ops_aeabi.S.obj
                0x1000502c                __wrap_memcpy
                0x1000502c                __wrap___aeabi_memcpy
 .text.stdio_out_chars_no_crlf
                0x10005038       0x10 CMakeFiles/GB_DIAG.dir/C_/Program_Files/Raspberry_Pi/Pico_SDK_v1.5.1/pico-sdk/src/rp2_common/pico_stdio/stdio.c.obj
 .text.stdio_out_chars_crlf
                0x10005048       0xb4 CMakeFiles/GB_DIAG.dir/C_/Program_Files/Raspberry_Pi/Pico_SDK_v1.5.1/pico-sdk/src/rp2_common/pico_stdio/stdio.c.obj
 .text.stdio_buffered_printer
                0x100050fc       0x64 CMakeFiles/GB_DIAG.dir/C_/Program_Files/Raspberry_Pi/Pico_SDK_v1.5.1/pico-sdk/src/rp2_common/pico_stdio/stdio.c.obj
 .text.stdio_put_string.isra.0
                0x10005160       0xfc CMakeFiles/GB_DIAG.dir/C_/Program_Files/Raspberry_Pi/Pico_SDK_v1.5.1/pico-sdk/src/rp2_common/pico_stdio/stdio.c.obj
 .text.__wrap_putchar
                0x1000525c       0x98 CMakeFiles/GB_DIAG.dir/C_/Program_Files/Raspberry_Pi/Pico_SDK_v1.5.1/pico-sdk/src/rp2_common/pico_stdio/stdio.c.obj
                0x1000525c                __wrap_putchar
 .text.__wrap_puts
                0x100052f4       0x3c CMakeFiles/GB_DIAG.dir/C_/Program_Files/Raspberry_Pi/Pico_SDK_v1.5.1/pico-sdk/src/rp2_common/pico_stdio/stdio.c.obj
                0x100052f4                __wrap_puts
 .text._read    0x10005330       0x94 CMakeFiles/GB_DIAG.dir/C_/Program_Files/Raspberry_Pi/Pico_SDK_v1.5.1/pico-sdk/src/rp2_common/pico_stdio/stdio.c.obj
                0x10005330                _read
 .text._write   0x100053c4       0xac CMakeFiles/GB_DIAG.dir/C_/Program_Files/Raspberry_Pi/Pico_SDK_v1.5.1/pico-sdk/src/rp2_common/pico_stdio/stdio.c.obj
                0x100053c4                _write
 .text._close   0x10005470        0x8 CMakeFiles/GB_DIAG.dir/C_/Program_Files/Raspberry_Pi/Pico_SDK_v1.5.1/pico-sdk/src/rp2_common/pico_stdio/stdio.c.obj
                0x10005470                _close
 .text._lseek   0x10005478        0x8 CMakeFiles/GB_DIAG.dir/C_/Program_Files/Raspberry_Pi/Pico_SDK_v1.5.1/pico-sdk/src/rp2_common/pico_stdio/stdio.c.obj
                0x10005478                _lseek
 .text.stdio_set_driver_enabled
                0x10005480       0x30 CMakeFiles/GB_DIAG.dir/C_/Program_Files/Raspberry_Pi/Pico_SDK_v1.5.1/pico-sdk/src/rp2_common/pico_stdio/stdio.c.obj
                0x10005480                stdio_set_driver_enabled
 .text.__wrap_vprintf
                0x100054b0       0xd8 CMakeFiles/GB_DIAG.dir/C_/Program_Files/Raspberry_Pi/Pico_SDK_v1.5.1/pico-sdk/src/rp2_common/pico_stdio/stdio.c.obj
                0x100054b0                __wrap_vprintf
 .text.__wrap_printf
                0x10005588       0x18 CMakeFiles/GB_DIAG.dir/C_/Program_Files/Raspberry_Pi/Pico_SDK_v1.5.1/pico-sdk/src/rp2_common/pico_stdio/stdio.c.obj
                0x10005588                __wrap_printf
 .text.stdio_init_all
                0x100055a0        0xc CMakeFiles/GB_DIAG.dir/C_/Program_Files/Raspberry_Pi/Pico_SDK_v1.5.1/pico-sdk/src/rp2_common/pico_stdio/stdio.c.obj
                0x100055a0                stdio_init_all
 .text.stdio_uart_out_chars
                0x100055ac       0x4c CMakeFiles/GB_DIAG.dir/C_/Program_Files/Raspberry_Pi/Pico_SDK_v1.5.1/pico-sdk/src/rp2_common/pico_stdio_uart/stdio_uart.c.obj
 .text.stdio_uart_in_chars
                0x100055f8       0x84 CMakeFiles/GB_DIAG.dir/C_/Program_Files/Raspberry_Pi/Pico_SDK_v1.5.1/pico-sdk/src/rp2_common/pico_stdio_uart/stdio_uart.c.obj
                0x100055f8                stdio_uart_in_chars
 .text.on_uart_rx
                0x1000567c       0x28 CMakeFiles/GB_DIAG.dir/C_/Program_Files/Raspberry_Pi/Pico_SDK_v1.5.1/pico-sdk/src/rp2_common/pico_stdio_uart/stdio_uart.c.obj
 .text.stdio_uart_set_chars_available_callback
                0x100056a4       0x8c CMakeFiles/GB_DIAG.dir/C_/Program_Files/Raspberry_Pi/Pico_SDK_v1.5.1/pico-sdk/src/rp2_common/pico_stdio_uart/stdio_uart.c.obj
 .text.stdio_uart_init
                0x10005730       0x48 CMakeFiles/GB_DIAG.dir/C_/Program_Files/Raspberry_Pi/Pico_SDK_v1.5.1/pico-sdk/src/rp2_common/pico_stdio_uart/stdio_uart.c.obj
                0x10005730                stdio_uart_init
 .text.spi_init
                0x10005778      0x138 CMakeFiles/GB_DIAG.dir/C_/Program_Files/Raspberry_Pi/Pico_SDK_v1.5.1/pico-sdk/src/rp2_common/hardware_spi/spi.c.obj
                0x10005778                spi_init
 .text.spi_set_baudrate
                0x100058b0       0xc0 CMakeFiles/GB_DIAG.dir/C_/Program_Files/Raspberry_Pi/Pico_SDK_v1.5.1/pico-sdk/src/rp2_common/hardware_spi/spi.c.obj
                0x100058b0                spi_set_baudrate
 .text.move_window.part.0
                0x10005970       0xa8 CMakeFiles/GB_DIAG.dir/C_/Users/Charles/Documents/GitHub/GB_Emu_CD/SRC/Pico-GB-20250207/ext/FatFs_SPI/ff15/source/ff.c.obj
 .text.check_fs
                0x10005a18      0x188 CMakeFiles/GB_DIAG.dir/C_/Users/Charles/Documents/GitHub/GB_Emu_CD/SRC/Pico-GB-20250207/ext/FatFs_SPI/ff15/source/ff.c.obj
 .text.mount_volume
                0x10005ba0      0xb5c CMakeFiles/GB_DIAG.dir/C_/Users/Charles/Documents/GitHub/GB_Emu_CD/SRC/Pico-GB-20250207/ext/FatFs_SPI/ff15/source/ff.c.obj
 .text.f_mount  0x100066fc      0x1c8 CMakeFiles/GB_DIAG.dir/C_/Users/Charles/Documents/GitHub/GB_Emu_CD/SRC/Pico-GB-20250207/ext/FatFs_SPI/ff15/source/ff.c.obj
                0x100066fc                f_mount
 .text.sd_spi_go_high_frequency
                0x100068c4       0x20 CMakeFiles/GB_DIAG.dir/C_/Users/Charles/Documents/GitHub/GB_Emu_CD/SRC/Pico-GB-20250207/ext/FatFs_SPI/sd_driver/sd_spi.c.obj
                0x100068c4                sd_spi_go_high_frequency
 .text.sd_spi_go_low_frequency
                0x100068e4       0x24 CMakeFiles/GB_DIAG.dir/C_/Users/Charles/Documents/GitHub/GB_Emu_CD/SRC/Pico-GB-20250207/ext/FatFs_SPI/sd_driver/sd_spi.c.obj
                0x100068e4                sd_spi_go_low_frequency
 .text.sd_spi_deselect_pulse
                0x10006908       0x5c CMakeFiles/GB_DIAG.dir/C_/Users/Charles/Documents/GitHub/GB_Emu_CD/SRC/Pico-GB-20250207/ext/FatFs_SPI/sd_driver/sd_spi.c.obj
                0x10006908                sd_spi_deselect_pulse
 .text.sd_spi_acquire
                0x10006964       0x34 CMakeFiles/GB_DIAG.dir/C_/Users/Charles/Documents/GitHub/GB_Emu_CD/SRC/Pico-GB-20250207/ext/FatFs_SPI/sd_driver/sd_spi.c.obj
                0x10006964                sd_spi_acquire
 .text.sd_spi_release
                0x10006998       0x34 CMakeFiles/GB_DIAG.dir/C_/Users/Charles/Documents/GitHub/GB_Emu_CD/SRC/Pico-GB-20250207/ext/FatFs_SPI/sd_driver/sd_spi.c.obj
                0x10006998                sd_spi_release
 .text.sd_spi_transfer
                0x100069cc        0xc CMakeFiles/GB_DIAG.dir/C_/Users/Charles/Documents/GitHub/GB_Emu_CD/SRC/Pico-GB-20250207/ext/FatFs_SPI/sd_driver/sd_spi.c.obj
                0x100069cc                sd_spi_transfer
 .text.sd_spi_write
                0x100069d8       0x44 CMakeFiles/GB_DIAG.dir/C_/Users/Charles/Documents/GitHub/GB_Emu_CD/SRC/Pico-GB-20250207/ext/FatFs_SPI/sd_driver/sd_spi.c.obj
                0x100069d8                sd_spi_write
 .text.sd_spi_send_initializing_sequence
                0x10006a1c       0x7c CMakeFiles/GB_DIAG.dir/C_/Users/Charles/Documents/GitHub/GB_Emu_CD/SRC/Pico-GB-20250207/ext/FatFs_SPI/sd_driver/sd_spi.c.obj
                0x10006a1c                sd_spi_send_initializing_sequence
 .text.spi_lock
                0x10006a98       0x30 CMakeFiles/GB_DIAG.dir/C_/Users/Charles/Documents/GitHub/GB_Emu_CD/SRC/Pico-GB-20250207/ext/FatFs_SPI/sd_driver/spi.c.obj
                0x10006a98                spi_lock
 .text.spi_unlock
                0x10006ac8       0x30 CMakeFiles/GB_DIAG.dir/C_/Users/Charles/Documents/GitHub/GB_Emu_CD/SRC/Pico-GB-20250207/ext/FatFs_SPI/sd_driver/spi.c.obj
                0x10006ac8                spi_unlock
 .text.my_spi_init
                0x10006af8      0x1cc CMakeFiles/GB_DIAG.dir/C_/Users/Charles/Documents/GitHub/GB_Emu_CD/SRC/Pico-GB-20250207/ext/FatFs_SPI/sd_driver/spi.c.obj
                0x10006af8                my_spi_init
 .text.sd_sectors_nolock.part.0
                0x10006cc4      0x23c CMakeFiles/GB_DIAG.dir/C_/Users/Charles/Documents/GitHub/GB_Emu_CD/SRC/Pico-GB-20250207/ext/FatFs_SPI/sd_driver/sd_card.c.obj
 .text.sd_write_block.constprop.0
                0x10006f00       0xd4 CMakeFiles/GB_DIAG.dir/C_/Users/Charles/Documents/GitHub/GB_Emu_CD/SRC/Pico-GB-20250207/ext/FatFs_SPI/sd_driver/sd_card.c.obj
 .text.sd_cmd   0x10006fd4      0x4c4 CMakeFiles/GB_DIAG.dir/C_/Users/Charles/Documents/GitHub/GB_Emu_CD/SRC/Pico-GB-20250207/ext/FatFs_SPI/sd_driver/sd_card.c.obj
 .text.sd_card_detect
                0x10007498       0x44 CMakeFiles/GB_DIAG.dir/C_/Users/Charles/Documents/GitHub/GB_Emu_CD/SRC/Pico-GB-20250207/ext/FatFs_SPI/sd_driver/sd_card.c.obj
                0x10007498                sd_card_detect
 .text.sd_read_blocks
                0x100074dc      0x1f8 CMakeFiles/GB_DIAG.dir/C_/Users/Charles/Documents/GitHub/GB_Emu_CD/SRC/Pico-GB-20250207/ext/FatFs_SPI/sd_driver/sd_card.c.obj
                0x100074dc                sd_read_blocks
 .text.sd_write_blocks
                0x100076d4      0x164 CMakeFiles/GB_DIAG.dir/C_/Users/Charles/Documents/GitHub/GB_Emu_CD/SRC/Pico-GB-20250207/ext/FatFs_SPI/sd_driver/sd_card.c.obj
                0x100076d4                sd_write_blocks
 .text.sd_init_driver
                0x10007838       0xc4 CMakeFiles/GB_DIAG.dir/C_/Users/Charles/Documents/GitHub/GB_Emu_CD/SRC/Pico-GB-20250207/ext/FatFs_SPI/sd_driver/sd_card.c.obj
                0x10007838                sd_init_driver
 .text.sd_init  0x100078fc      0x364 CMakeFiles/GB_DIAG.dir/C_/Users/Charles/Documents/GitHub/GB_Emu_CD/SRC/Pico-GB-20250207/ext/FatFs_SPI/sd_driver/sd_card.c.obj
                0x100078fc                sd_init
 .text.crc7     0x10007c60       0x28 CMakeFiles/GB_DIAG.dir/C_/Users/Charles/Documents/GitHub/GB_Emu_CD/SRC/Pico-GB-20250207/ext/FatFs_SPI/sd_driver/crc.c.obj
                0x10007c60                crc7
 .text.crc16    0x10007c88       0x30 CMakeFiles/GB_DIAG.dir/C_/Users/Charles/Documents/GitHub/GB_Emu_CD/SRC/Pico-GB-20250207/ext/FatFs_SPI/sd_driver/crc.c.obj
                0x10007c88                crc16
 .text.disk_status
                0x10007cb8       0x18 CMakeFiles/GB_DIAG.dir/C_/Users/Charles/Documents/GitHub/GB_Emu_CD/SRC/Pico-GB-20250207/ext/FatFs_SPI/src/glue.c.obj
                0x10007cb8                disk_status
 .text.disk_initialize
                0x10007cd0       0x18 CMakeFiles/GB_DIAG.dir/C_/Users/Charles/Documents/GitHub/GB_Emu_CD/SRC/Pico-GB-20250207/ext/FatFs_SPI/src/glue.c.obj
                0x10007cd0                disk_initialize
 .text.disk_read
                0x10007ce8       0x70 CMakeFiles/GB_DIAG.dir/C_/Users/Charles/Documents/GitHub/GB_Emu_CD/SRC/Pico-GB-20250207/ext/FatFs_SPI/src/glue.c.obj
                0x10007ce8                disk_read
 .text.disk_write
                0x10007d58       0x70 CMakeFiles/GB_DIAG.dir/C_/Users/Charles/Documents/GitHub/GB_Emu_CD/SRC/Pico-GB-20250207/ext/FatFs_SPI/src/glue.c.obj
                0x10007d58                disk_write
 .text.my_printf
                0x10007dc8       0x4c CMakeFiles/GB_DIAG.dir/C_/Users/Charles/Documents/GitHub/GB_Emu_CD/SRC/Pico-GB-20250207/ext/FatFs_SPI/src/my_debug.c.obj
                0x10007dc8                my_printf
 .text.my_assert_func
                0x10007e14       0x2c CMakeFiles/GB_DIAG.dir/C_/Users/Charles/Documents/GitHub/GB_Emu_CD/SRC/Pico-GB-20250207/ext/FatFs_SPI/src/my_debug.c.obj
                0x10007e14                my_assert_func
 .text.dma_claim_unused_channel
                0x10007e40       0x20 CMakeFiles/GB_DIAG.dir/C_/Program_Files/Raspberry_Pi/Pico_SDK_v1.5.1/pico-sdk/src/rp2_common/hardware_dma/dma.c.obj
                0x10007e40                dma_claim_unused_channel
 .text.__sflush_r
                0x10007e60      0x140 c:/progra~1/raspbe~1/picosd~1.1/gcc-ar~1/bin/../lib/gcc/arm-none-eabi/10.3.1/../../../../arm-none-eabi/lib/thumb/v6-m/nofp\libc.a(lib_a-fflush.o)
                0x10007e60                __sflush_r
 .text._fflush_r
                0x10007fa0       0x6c c:/progra~1/raspbe~1/picosd~1.1/gcc-ar~1/bin/../lib/gcc/arm-none-eabi/10.3.1/../../../../arm-none-eabi/lib/thumb/v6-m/nofp\libc.a(lib_a-fflush.o)
                0x10007fa0                _fflush_r
 .text.fflush   0x1000800c       0x78 c:/progra~1/raspbe~1/picosd~1.1/gcc-ar~1/bin/../lib/gcc/arm-none-eabi/10.3.1/../../../../arm-none-eabi/lib/thumb/v6-m/nofp\libc.a(lib_a-fflush.o)
                0x1000800c                fflush
 .text._cleanup_r
                0x10008084       0x10 c:/progra~1/raspbe~1/picosd~1.1/gcc-ar~1/bin/../lib/gcc/arm-none-eabi/10.3.1/../../../../arm-none-eabi/lib/thumb/v6-m/nofp\libc.a(lib_a-findfp.o)
                0x10008084                _cleanup_r
 .text.__sinit  0x10008094      0x120 c:/progra~1/raspbe~1/picosd~1.1/gcc-ar~1/bin/../lib/gcc/arm-none-eabi/10.3.1/../../../../arm-none-eabi/lib/thumb/v6-m/nofp\libc.a(lib_a-findfp.o)
                0x10008094                __sinit
 .text.__sfp_lock_acquire
                0x100081b4       0x10 c:/progra~1/raspbe~1/picosd~1.1/gcc-ar~1/bin/../lib/gcc/arm-none-eabi/10.3.1/../../../../arm-none-eabi/lib/thumb/v6-m/nofp\libc.a(lib_a-findfp.o)
                0x100081b4                __sfp_lock_acquire
 .text.__sfp_lock_release
                0x100081c4       0x10 c:/progra~1/raspbe~1/picosd~1.1/gcc-ar~1/bin/../lib/gcc/arm-none-eabi/10.3.1/../../../../arm-none-eabi/lib/thumb/v6-m/nofp\libc.a(lib_a-findfp.o)
                0x100081c4                __sfp_lock_release
 .text._malloc_trim_r
                0x100081d4       0x9c c:/progra~1/raspbe~1/picosd~1.1/gcc-ar~1/bin/../lib/gcc/arm-none-eabi/10.3.1/../../../../arm-none-eabi/lib/thumb/v6-m/nofp\libc.a(lib_a-freer.o)
                0x100081d4                _malloc_trim_r
 .text._free_r  0x10008270      0x1c4 c:/progra~1/raspbe~1/picosd~1.1/gcc-ar~1/bin/../lib/gcc/arm-none-eabi/10.3.1/../../../../arm-none-eabi/lib/thumb/v6-m/nofp\libc.a(lib_a-freer.o)
                0x10008270                _free_r
 .text._fwalk_reent
                0x10008434       0x48 c:/progra~1/raspbe~1/picosd~1.1/gcc-ar~1/bin/../lib/gcc/arm-none-eabi/10.3.1/../../../../arm-none-eabi/lib/thumb/v6-m/nofp\libc.a(lib_a-fwalk.o)
                0x10008434                _fwalk_reent
 .text.__retarget_lock_init_recursive
                0x1000847c        0x4 c:/progra~1/raspbe~1/picosd~1.1/gcc-ar~1/bin/../lib/gcc/arm-none-eabi/10.3.1/../../../../arm-none-eabi/lib/thumb/v6-m/nofp\libc.a(lib_a-lock.o)
                0x1000847c                __retarget_lock_init_recursive
 .text.__retarget_lock_close_recursive
                0x10008480        0x4 c:/progra~1/raspbe~1/picosd~1.1/gcc-ar~1/bin/../lib/gcc/arm-none-eabi/10.3.1/../../../../arm-none-eabi/lib/thumb/v6-m/nofp\libc.a(lib_a-lock.o)
                0x10008480                __retarget_lock_close_recursive
 .text.__retarget_lock_acquire_recursive
                0x10008484        0x4 c:/progra~1/raspbe~1/picosd~1.1/gcc-ar~1/bin/../lib/gcc/arm-none-eabi/10.3.1/../../../../arm-none-eabi/lib/thumb/v6-m/nofp\libc.a(lib_a-lock.o)
                0x10008484                __retarget_lock_acquire_recursive
 .text.__retarget_lock_release_recursive
                0x10008488        0x4 c:/progra~1/raspbe~1/picosd~1.1/gcc-ar~1/bin/../lib/gcc/arm-none-eabi/10.3.1/../../../../arm-none-eabi/lib/thumb/v6-m/nofp\libc.a(lib_a-lock.o)
                0x10008488                __retarget_lock_release_recursive
 .text.__malloc_lock
                0x1000848c       0x10 c:/progra~1/raspbe~1/picosd~1.1/gcc-ar~1/bin/../lib/gcc/arm-none-eabi/10.3.1/../../../../arm-none-eabi/lib/thumb/v6-m/nofp\libc.a(lib_a-mlock.o)
                0x1000848c                __malloc_lock
 .text.__malloc_unlock
                0x1000849c       0x10 c:/progra~1/raspbe~1/picosd~1.1/gcc-ar~1/bin/../lib/gcc/arm-none-eabi/10.3.1/../../../../arm-none-eabi/lib/thumb/v6-m/nofp\libc.a(lib_a-mlock.o)
                0x1000849c                __malloc_unlock
 .text._sbrk_r  0x100084ac       0x24 c:/progra~1/raspbe~1/picosd~1.1/gcc-ar~1/bin/../lib/gcc/arm-none-eabi/10.3.1/../../../../arm-none-eabi/lib/thumb/v6-m/nofp\libc.a(lib_a-sbrkr.o)
                0x100084ac                _sbrk_r
 .text.__sread  0x100084d0       0x28 c:/progra~1/raspbe~1/picosd~1.1/gcc-ar~1/bin/../lib/gcc/arm-none-eabi/10.3.1/../../../../arm-none-eabi/lib/thumb/v6-m/nofp\libc.a(lib_a-stdio.o)
                0x100084d0                __sread
 .text.__swrite
                0x100084f8       0x40 c:/progra~1/raspbe~1/picosd~1.1/gcc-ar~1/bin/../lib/gcc/arm-none-eabi/10.3.1/../../../../arm-none-eabi/lib/thumb/v6-m/nofp\libc.a(lib_a-stdio.o)
                0x100084f8                __swrite
 .text.__sseek  0x10008538       0x2c c:/progra~1/raspbe~1/picosd~1.1/gcc-ar~1/bin/../lib/gcc/arm-none-eabi/10.3.1/../../../../arm-none-eabi/lib/thumb/v6-m/nofp\libc.a(lib_a-stdio.o)
                0x10008538                __sseek
 .text.__sclose
                0x10008564        0xc c:/progra~1/raspbe~1/picosd~1.1/gcc-ar~1/bin/../lib/gcc/arm-none-eabi/10.3.1/../../../../arm-none-eabi/lib/thumb/v6-m/nofp\libc.a(lib_a-stdio.o)
                0x10008564                __sclose
 .text.strlen   0x10008570       0x5c c:/progra~1/raspbe~1/picosd~1.1/gcc-ar~1/bin/../lib/gcc/arm-none-eabi/10.3.1/../../../../arm-none-eabi/lib/thumb/v6-m/nofp\libc.a(lib_a-strlen-stub.o)
                0x10008570                strlen
 .text._write_r
                0x100085cc       0x28 c:/progra~1/raspbe~1/picosd~1.1/gcc-ar~1/bin/../lib/gcc/arm-none-eabi/10.3.1/../../../../arm-none-eabi/lib/thumb/v6-m/nofp\libc.a(lib_a-writer.o)
                0x100085cc                _write_r
 .text._close_r
                0x100085f4       0x24 c:/progra~1/raspbe~1/picosd~1.1/gcc-ar~1/bin/../lib/gcc/arm-none-eabi/10.3.1/../../../../arm-none-eabi/lib/thumb/v6-m/nofp\libc.a(lib_a-closer.o)
                0x100085f4                _close_r
 .text._fclose_r
                0x10008618       0xdc c:/progra~1/raspbe~1/picosd~1.1/gcc-ar~1/bin/../lib/gcc/arm-none-eabi/10.3.1/../../../../arm-none-eabi/lib/thumb/v6-m/nofp\libc.a(lib_a-fclose.o)
                0x10008618                _fclose_r
 .text._lseek_r
                0x100086f4       0x28 c:/progra~1/raspbe~1/picosd~1.1/gcc-ar~1/bin/../lib/gcc/arm-none-eabi/10.3.1/../../../../arm-none-eabi/lib/thumb/v6-m/nofp\libc.a(lib_a-lseekr.o)
                0x100086f4                _lseek_r
 .text._read_r  0x1000871c       0x28 c:/progra~1/raspbe~1/picosd~1.1/gcc-ar~1/bin/../lib/gcc/arm-none-eabi/10.3.1/../../../../arm-none-eabi/lib/thumb/v6-m/nofp\libc.a(lib_a-readr.o)
                0x1000871c                _read_r
 *(.fini)
 .fini          0x10008744        0x4 c:/progra~1/raspbe~1/picosd~1.1/gcc-ar~1/bin/../lib/gcc/arm-none-eabi/10.3.1/thumb/v6-m/nofp/crti.o
                0x10008744                _fini
 .fini.__stub   0x10008748       0xa0 linker stubs
 *crtbegin.o(.ctors)
 *crtbegin?.o(.ctors)
 *(EXCLUDE_FILE(*crtend.o *crtend?.o) .ctors)
 *(SORT_BY_NAME(.ctors.*))
 *(.ctors)
 *crtbegin.o(.dtors)
 *crtbegin?.o(.dtors)
 *(EXCLUDE_FILE(*crtend.o *crtend?.o) .dtors)
 *(SORT_BY_NAME(.dtors.*))
 *(.dtors)
 *(.eh_frame*)
 .eh_frame      0x100087e8        0x0 c:/progra~1/raspbe~1/picosd~1.1/gcc-ar~1/bin/../lib/gcc/arm-none-eabi/10.3.1/thumb/v6-m/nofp/crtbegin.o
                0x100087e8                . = ALIGN (0x4)

.glue_7         0x100087e8        0x0
 .glue_7        0x100087e8        0x0 linker stubs

.glue_7t        0x100087e8        0x0
 .glue_7t       0x100087e8        0x0 linker stubs

.vfp11_veneer   0x100087e8        0x0
 .vfp11_veneer  0x100087e8        0x0 linker stubs

.v4_bx          0x100087e8        0x0
 .v4_bx         0x100087e8        0x0 linker stubs

.iplt           0x100087e8        0x0
 .iplt          0x100087e8        0x0 c:/progra~1/raspbe~1/picosd~1.1/gcc-ar~1/bin/../lib/gcc/arm-none-eabi/10.3.1/thumb/v6-m/nofp/crtbegin.o

.rodata         0x100087e8     0x15a0
 *(EXCLUDE_FILE(*libm.a: *libc.a:*lib_a-mem*.o *libgcc.a:) .rodata*)
 .rodata.str1.4
                0x100087e8       0x57 CMakeFiles/GB_DIAG.dir/main.c.obj
 *fill*         0x1000883f        0x1 
 .rodata.main.str1.4
                0x10008840       0x71 CMakeFiles/GB_DIAG.dir/main.c.obj
 *fill*         0x100088b1        0x3 
 .rodata        0x100088b4       0x4c CMakeFiles/GB_DIAG.dir/main.c.obj
 .rodata.mk_ili9225_init.str1.4
                0x10008900        0xe CMakeFiles/GB_DIAG.dir/C_/Users/Charles/Documents/GitHub/GB_Emu_CD/SRC/Pico-GB-20250207/src/mk_ili9225.c.obj
 *fill*         0x1000890e        0x2 
 .rodata.mk_ili9225_get_letter.str1.4
                0x10008910      0x138 CMakeFiles/GB_DIAG.dir/C_/Users/Charles/Documents/GitHub/GB_Emu_CD/SRC/Pico-GB-20250207/src/mk_ili9225.c.obj
 .rodata.mk_ili9225_get_letter
                0x10008a48      0x174 CMakeFiles/GB_DIAG.dir/C_/Users/Charles/Documents/GitHub/GB_Emu_CD/SRC/Pico-GB-20250207/src/mk_ili9225.c.obj
 .rodata        0x10008bbc       0xbc CMakeFiles/GB_DIAG.dir/C_/Users/Charles/Documents/GitHub/GB_Emu_CD/SRC/Pico-GB-20250207/src/mk_ili9225.c.obj
 .rodata.at_the_end_of_time
                0x10008c78        0x8 CMakeFiles/GB_DIAG.dir/C_/Program_Files/Raspberry_Pi/Pico_SDK_v1.5.1/pico-sdk/src/common/pico_time/time.c.obj
                0x10008c78                at_the_end_of_time
 .rodata.hardware_alarm_claim.str1.4
                0x10008c80       0x22 CMakeFiles/GB_DIAG.dir/C_/Program_Files/Raspberry_Pi/Pico_SDK_v1.5.1/pico-sdk/src/rp2_common/hardware_timer/timer.c.obj
 *fill*         0x10008ca2        0x2 
 .rodata.panic.str1.4
                0x10008ca4       0x10 CMakeFiles/GB_DIAG.dir/C_/Program_Files/Raspberry_Pi/Pico_SDK_v1.5.1/pico-sdk/src/rp2_common/pico_runtime/runtime.c.obj
                                 0x12 (size before relaxing)
 .rodata.hard_assertion_failure.str1.4
                0x10008cb4        0xc CMakeFiles/GB_DIAG.dir/C_/Program_Files/Raspberry_Pi/Pico_SDK_v1.5.1/pico-sdk/src/rp2_common/pico_runtime/runtime.c.obj
 .rodata._ftoa.str1.4
                0x10008cc0       0x15 CMakeFiles/GB_DIAG.dir/C_/Program_Files/Raspberry_Pi/Pico_SDK_v1.5.1/pico-sdk/src/rp2_common/pico_printf/printf.c.obj
 *fill*         0x10008cd5        0x3 
 .rodata._vsnprintf
                0x10008cd8      0x1e0 CMakeFiles/GB_DIAG.dir/C_/Program_Files/Raspberry_Pi/Pico_SDK_v1.5.1/pico-sdk/src/rp2_common/pico_printf/printf.c.obj
 .rodata.pow10.0
                0x10008eb8       0x50 CMakeFiles/GB_DIAG.dir/C_/Program_Files/Raspberry_Pi/Pico_SDK_v1.5.1/pico-sdk/src/rp2_common/pico_printf/printf.c.obj
 .rodata.str1.4
                0x10008f08       0x3c CMakeFiles/GB_DIAG.dir/C_/Program_Files/Raspberry_Pi/Pico_SDK_v1.5.1/pico-sdk/src/rp2_common/pico_standard_link/binary_info.c.obj
 .rodata.__bi_44
                0x10008f44        0xc CMakeFiles/GB_DIAG.dir/C_/Program_Files/Raspberry_Pi/Pico_SDK_v1.5.1/pico-sdk/src/rp2_common/pico_standard_link/binary_info.c.obj
 .rodata.__bi_75
                0x10008f50        0xc CMakeFiles/GB_DIAG.dir/C_/Program_Files/Raspberry_Pi/Pico_SDK_v1.5.1/pico-sdk/src/rp2_common/pico_standard_link/binary_info.c.obj
 .rodata.__bi_81
                0x10008f5c        0xc CMakeFiles/GB_DIAG.dir/C_/Program_Files/Raspberry_Pi/Pico_SDK_v1.5.1/pico-sdk/src/rp2_common/pico_standard_link/binary_info.c.obj
 .rodata.crlf_str.0
                0x10008f68        0x2 CMakeFiles/GB_DIAG.dir/C_/Program_Files/Raspberry_Pi/Pico_SDK_v1.5.1/pico-sdk/src/rp2_common/pico_stdio/stdio.c.obj
 *fill*         0x10008f6a        0x2 
 .rodata.str1.4
                0x10008f6c       0x2c CMakeFiles/GB_DIAG.dir/C_/Program_Files/Raspberry_Pi/Pico_SDK_v1.5.1/pico-sdk/src/rp2_common/pico_stdio_uart/stdio_uart.c.obj
 .rodata.__bi_33.4
                0x10008f98        0xc CMakeFiles/GB_DIAG.dir/C_/Program_Files/Raspberry_Pi/Pico_SDK_v1.5.1/pico-sdk/src/rp2_common/pico_stdio_uart/stdio_uart.c.obj
 .rodata.__bi_34.5
                0x10008fa4        0x8 CMakeFiles/GB_DIAG.dir/C_/Program_Files/Raspberry_Pi/Pico_SDK_v1.5.1/pico-sdk/src/rp2_common/pico_stdio_uart/stdio_uart.c.obj
 .rodata.check_fs.str1.4
                0x10008fac       0x15 CMakeFiles/GB_DIAG.dir/C_/Users/Charles/Documents/GitHub/GB_Emu_CD/SRC/Pico-GB-20250207/ext/FatFs_SPI/ff15/source/ff.c.obj
 *fill*         0x10008fc1        0x3 
 .rodata        0x10008fc4       0x2c CMakeFiles/GB_DIAG.dir/C_/Users/Charles/Documents/GitHub/GB_Emu_CD/SRC/Pico-GB-20250207/ext/FatFs_SPI/ff15/source/ff.c.obj
 .rodata.GUID_MS_Basic
                0x10008ff0       0x10 CMakeFiles/GB_DIAG.dir/C_/Users/Charles/Documents/GitHub/GB_Emu_CD/SRC/Pico-GB-20250207/ext/FatFs_SPI/ff15/source/ff.c.obj
 .rodata.sd_spi_go_high_frequency.str1.4
                0x10009000       0x1b CMakeFiles/GB_DIAG.dir/C_/Users/Charles/Documents/GitHub/GB_Emu_CD/SRC/Pico-GB-20250207/ext/FatFs_SPI/sd_driver/sd_spi.c.obj
 *fill*         0x1000901b        0x1 
 .rodata.sd_spi_write.str1.4
                0x1000901c       0x6a CMakeFiles/GB_DIAG.dir/C_/Users/Charles/Documents/GitHub/GB_Emu_CD/SRC/Pico-GB-20250207/ext/FatFs_SPI/sd_driver/sd_spi.c.obj
 *fill*         0x10009086        0x2 
 .rodata.__FUNCTION__.1
                0x10009088       0x18 CMakeFiles/GB_DIAG.dir/C_/Users/Charles/Documents/GitHub/GB_Emu_CD/SRC/Pico-GB-20250207/ext/FatFs_SPI/sd_driver/sd_spi.c.obj
 .rodata.__FUNCTION__.2
                0x100090a0       0x19 CMakeFiles/GB_DIAG.dir/C_/Users/Charles/Documents/GitHub/GB_Emu_CD/SRC/Pico-GB-20250207/ext/FatFs_SPI/sd_driver/sd_spi.c.obj
 *fill*         0x100090b9        0x3 
 .rodata.__func__.0
                0x100090bc        0xd CMakeFiles/GB_DIAG.dir/C_/Users/Charles/Documents/GitHub/GB_Emu_CD/SRC/Pico-GB-20250207/ext/FatFs_SPI/sd_driver/sd_spi.c.obj
 *fill*         0x100090c9        0x3 
 .rodata.str1.4
                0x100090cc       0xd7 CMakeFiles/GB_DIAG.dir/C_/Users/Charles/Documents/GitHub/GB_Emu_CD/SRC/Pico-GB-20250207/ext/FatFs_SPI/sd_driver/spi.c.obj
 *fill*         0x100091a3        0x1 
 .rodata.spi_lock.str1.4
                0x100091a4       0x23 CMakeFiles/GB_DIAG.dir/C_/Users/Charles/Documents/GitHub/GB_Emu_CD/SRC/Pico-GB-20250207/ext/FatFs_SPI/sd_driver/spi.c.obj
 *fill*         0x100091c7        0x1 
 .rodata.__FUNCTION__.2
                0x100091c8        0xd CMakeFiles/GB_DIAG.dir/C_/Users/Charles/Documents/GitHub/GB_Emu_CD/SRC/Pico-GB-20250207/ext/FatFs_SPI/sd_driver/spi.c.obj
 *fill*         0x100091d5        0x3 
 .rodata.__func__.0
                0x100091d8        0xb CMakeFiles/GB_DIAG.dir/C_/Users/Charles/Documents/GitHub/GB_Emu_CD/SRC/Pico-GB-20250207/ext/FatFs_SPI/sd_driver/spi.c.obj
 *fill*         0x100091e3        0x1 
 .rodata.__func__.1
                0x100091e4        0x9 CMakeFiles/GB_DIAG.dir/C_/Users/Charles/Documents/GitHub/GB_Emu_CD/SRC/Pico-GB-20250207/ext/FatFs_SPI/sd_driver/spi.c.obj
 *fill*         0x100091ed        0x3 
 .rodata.__func__.5
                0x100091f0        0xd CMakeFiles/GB_DIAG.dir/C_/Users/Charles/Documents/GitHub/GB_Emu_CD/SRC/Pico-GB-20250207/ext/FatFs_SPI/sd_driver/spi.c.obj
 *fill*         0x100091fd        0x3 
 .rodata.__func__.6
                0x10009200       0x10 CMakeFiles/GB_DIAG.dir/C_/Users/Charles/Documents/GitHub/GB_Emu_CD/SRC/Pico-GB-20250207/ext/FatFs_SPI/sd_driver/spi.c.obj
 .rodata.dummy.4
                0x10009210        0x1 CMakeFiles/GB_DIAG.dir/C_/Users/Charles/Documents/GitHub/GB_Emu_CD/SRC/Pico-GB-20250207/ext/FatFs_SPI/sd_driver/spi.c.obj
 *fill*         0x10009211        0x3 
 .rodata.sd_sectors_nolock.part.0.str1.4
                0x10009214      0x1f2 CMakeFiles/GB_DIAG.dir/C_/Users/Charles/Documents/GitHub/GB_Emu_CD/SRC/Pico-GB-20250207/ext/FatFs_SPI/sd_driver/sd_card.c.obj
 *fill*         0x10009406        0x2 
 .rodata.sd_write_block.constprop.0.str1.4
                0x10009408       0x2c CMakeFiles/GB_DIAG.dir/C_/Users/Charles/Documents/GitHub/GB_Emu_CD/SRC/Pico-GB-20250207/ext/FatFs_SPI/sd_driver/sd_card.c.obj
 .rodata.sd_cmd.str1.4
                0x10009434      0x34e CMakeFiles/GB_DIAG.dir/C_/Users/Charles/Documents/GitHub/GB_Emu_CD/SRC/Pico-GB-20250207/ext/FatFs_SPI/sd_driver/sd_card.c.obj
 *fill*         0x10009782        0x2 
 .rodata.sd_card_detect.str1.4
                0x10009784       0x16 CMakeFiles/GB_DIAG.dir/C_/Users/Charles/Documents/GitHub/GB_Emu_CD/SRC/Pico-GB-20250207/ext/FatFs_SPI/sd_driver/sd_card.c.obj
 *fill*         0x1000979a        0x2 
 .rodata.sd_sectors.str1.4
                0x1000979c       0x4a CMakeFiles/GB_DIAG.dir/C_/Users/Charles/Documents/GitHub/GB_Emu_CD/SRC/Pico-GB-20250207/ext/FatFs_SPI/sd_driver/sd_card.c.obj
 *fill*         0x100097e6        0x2 
 .rodata.sd_read_blocks.str1.4
                0x100097e8       0x3d CMakeFiles/GB_DIAG.dir/C_/Users/Charles/Documents/GitHub/GB_Emu_CD/SRC/Pico-GB-20250207/ext/FatFs_SPI/sd_driver/sd_card.c.obj
 *fill*         0x10009825        0x3 
 .rodata.sd_write_blocks.str1.4
                0x10009828       0x48 CMakeFiles/GB_DIAG.dir/C_/Users/Charles/Documents/GitHub/GB_Emu_CD/SRC/Pico-GB-20250207/ext/FatFs_SPI/sd_driver/sd_card.c.obj
 .rodata.sd_init.str1.4
                0x10009870      0x15b CMakeFiles/GB_DIAG.dir/C_/Users/Charles/Documents/GitHub/GB_Emu_CD/SRC/Pico-GB-20250207/ext/FatFs_SPI/sd_driver/sd_card.c.obj
 *fill*         0x100099cb        0x1 
 .rodata.__FUNCTION__.2
                0x100099cc        0xe CMakeFiles/GB_DIAG.dir/C_/Users/Charles/Documents/GitHub/GB_Emu_CD/SRC/Pico-GB-20250207/ext/FatFs_SPI/sd_driver/sd_card.c.obj
 *fill*         0x100099da        0x2 
 .rodata.__FUNCTION__.4
                0x100099dc        0xe CMakeFiles/GB_DIAG.dir/C_/Users/Charles/Documents/GitHub/GB_Emu_CD/SRC/Pico-GB-20250207/ext/FatFs_SPI/sd_driver/sd_card.c.obj
 *fill*         0x100099ea        0x2 
 .rodata.__func__.1
                0x100099ec        0xf CMakeFiles/GB_DIAG.dir/C_/Users/Charles/Documents/GitHub/GB_Emu_CD/SRC/Pico-GB-20250207/ext/FatFs_SPI/sd_driver/sd_card.c.obj
 *fill*         0x100099fb        0x1 
 .rodata.__func__.3
                0x100099fc        0xa CMakeFiles/GB_DIAG.dir/C_/Users/Charles/Documents/GitHub/GB_Emu_CD/SRC/Pico-GB-20250207/ext/FatFs_SPI/sd_driver/sd_card.c.obj
 *fill*         0x10009a06        0x2 
 .rodata.__func__.5
                0x10009a08       0x12 CMakeFiles/GB_DIAG.dir/C_/Users/Charles/Documents/GitHub/GB_Emu_CD/SRC/Pico-GB-20250207/ext/FatFs_SPI/sd_driver/sd_card.c.obj
 *fill*         0x10009a1a        0x2 
 .rodata.__func__.6
                0x10009a1c        0x8 CMakeFiles/GB_DIAG.dir/C_/Users/Charles/Documents/GitHub/GB_Emu_CD/SRC/Pico-GB-20250207/ext/FatFs_SPI/sd_driver/sd_card.c.obj
 .rodata.m_Crc16Table
                0x10009a24      0x200 CMakeFiles/GB_DIAG.dir/C_/Users/Charles/Documents/GitHub/GB_Emu_CD/SRC/Pico-GB-20250207/ext/FatFs_SPI/sd_driver/crc.c.obj
 .rodata.m_Crc7Table
                0x10009c24      0x100 CMakeFiles/GB_DIAG.dir/C_/Users/Charles/Documents/GitHub/GB_Emu_CD/SRC/Pico-GB-20250207/ext/FatFs_SPI/sd_driver/crc.c.obj
 .rodata.my_printf.str1.4
                0x10009d24        0x3 CMakeFiles/GB_DIAG.dir/C_/Users/Charles/Documents/GitHub/GB_Emu_CD/SRC/Pico-GB-20250207/ext/FatFs_SPI/src/my_debug.c.obj
 *fill*         0x10009d27        0x1 
 .rodata.my_assert_func.str1.4
                0x10009d28       0x39 CMakeFiles/GB_DIAG.dir/C_/Users/Charles/Documents/GitHub/GB_Emu_CD/SRC/Pico-GB-20250207/ext/FatFs_SPI/src/my_debug.c.obj
 *fill*         0x10009d61        0x3 
 .rodata.dma_claim_unused_channel.str1.4
                0x10009d64       0x1e CMakeFiles/GB_DIAG.dir/C_/Program_Files/Raspberry_Pi/Pico_SDK_v1.5.1/pico-sdk/src/rp2_common/hardware_dma/dma.c.obj
 *fill*         0x10009d82        0x2 
 .rodata._global_impure_ptr
                0x10009d84        0x4 c:/progra~1/raspbe~1/picosd~1.1/gcc-ar~1/bin/../lib/gcc/arm-none-eabi/10.3.1/../../../../arm-none-eabi/lib/thumb/v6-m/nofp\libc.a(lib_a-impure.o)
                0x10009d84                _global_impure_ptr
                0x10009d88                . = ALIGN (0x4)
 *(SORT_BY_ALIGNMENT(SORT_BY_NAME(.flashdata*)))
                0x10009d88                . = ALIGN (0x4)

.ARM.extab
 *(.ARM.extab* .gnu.linkonce.armextab.*)
                0x10009d88                __exidx_start = .

.ARM.exidx
 *(.ARM.exidx* .gnu.linkonce.armexidx.*)
                0x10009d88                __exidx_end = .
                0x10009d88                . = ALIGN (0x4)
                0x10009d88                __binary_info_start = .

.binary_info    0x10009d88       0x24
 *(.binary_info.keep.*)
 .binary_info.keep.__bi_ptr22
                0x10009d88        0x4 CMakeFiles/GB_DIAG.dir/C_/Program_Files/Raspberry_Pi/Pico_SDK_v1.5.1/pico-sdk/src/rp2_common/pico_standard_link/binary_info.c.obj
 .binary_info.keep.__bi_ptr30
                0x10009d8c        0x4 CMakeFiles/GB_DIAG.dir/C_/Program_Files/Raspberry_Pi/Pico_SDK_v1.5.1/pico-sdk/src/rp2_common/pico_standard_link/binary_info.c.obj
 .binary_info.keep.__bi_ptr38
                0x10009d90        0x4 CMakeFiles/GB_DIAG.dir/C_/Program_Files/Raspberry_Pi/Pico_SDK_v1.5.1/pico-sdk/src/rp2_common/pico_standard_link/binary_info.c.obj
 .binary_info.keep.__bi_ptr44
                0x10009d94        0x4 CMakeFiles/GB_DIAG.dir/C_/Program_Files/Raspberry_Pi/Pico_SDK_v1.5.1/pico-sdk/src/rp2_common/pico_standard_link/binary_info.c.obj
 .binary_info.keep.__bi_ptr50
                0x10009d98        0x4 CMakeFiles/GB_DIAG.dir/C_/Program_Files/Raspberry_Pi/Pico_SDK_v1.5.1/pico-sdk/src/rp2_common/pico_standard_link/binary_info.c.obj
 .binary_info.keep.__bi_ptr75
                0x10009d9c        0x4 CMakeFiles/GB_DIAG.dir/C_/Program_Files/Raspberry_Pi/Pico_SDK_v1.5.1/pico-sdk/src/rp2_common/pico_standard_link/binary_info.c.obj
 .binary_info.keep.__bi_ptr81
                0x10009da0        0x4 CMakeFiles/GB_DIAG.dir/C_/Program_Files/Raspberry_Pi/Pico_SDK_v1.5.1/pico-sdk/src/rp2_common/pico_standard_link/binary_info.c.obj
 *(.binary_info.*)
 .binary_info.__bi_ptr33
                0x10009da4        0x4 CMakeFiles/GB_DIAG.dir/C_/Program_Files/Raspberry_Pi/Pico_SDK_v1.5.1/pico-sdk/src/rp2_common/pico_stdio_uart/stdio_uart.c.obj
 .binary_info.__bi_ptr34
                0x10009da8        0x4 CMakeFiles/GB_DIAG.dir/C_/Program_Files/Raspberry_Pi/Pico_SDK_v1.5.1/pico-sdk/src/rp2_common/pico_stdio_uart/stdio_uart.c.obj
                0x10009dac                __binary_info_end = .

.rel.dyn        0x10009dac        0x0
 .rel.iplt      0x10009dac        0x0 c:/progra~1/raspbe~1/picosd~1.1/gcc-ar~1/bin/../lib/gcc/arm-none-eabi/10.3.1/thumb/v6-m/nofp/crtbegin.o
                0x10009dac                . = ALIGN (0x4)

.ram_vector_table
                0x20000000       0xc0
 *(.ram_vector_table)
 .ram_vector_table
                0x20000000       0xc0 CMakeFiles/GB_DIAG.dir/C_/Program_Files/Raspberry_Pi/Pico_SDK_v1.5.1/pico-sdk/src/rp2_common/pico_runtime/runtime.c.obj
                0x20000000                ram_vector_table

.data           0x200000c0     0x1114 load address 0x10009dac
                0x200000c0                __data_start__ = .
 *(vtable)
 *(.time_critical*)
 .time_critical.sem_acquire_timeout_ms
                0x200000c0       0x80 CMakeFiles/GB_DIAG.dir/C_/Program_Files/Raspberry_Pi/Pico_SDK_v1.5.1/pico-sdk/src/common/pico_sync/sem.c.obj
                0x200000c0                sem_acquire_timeout_ms
 .time_critical.sem_release
                0x20000140       0x4c CMakeFiles/GB_DIAG.dir/C_/Program_Files/Raspberry_Pi/Pico_SDK_v1.5.1/pico-sdk/src/common/pico_sync/sem.c.obj
                0x20000140                sem_release
 .time_critical.mutex_enter_blocking
                0x2000018c       0x48 CMakeFiles/GB_DIAG.dir/C_/Program_Files/Raspberry_Pi/Pico_SDK_v1.5.1/pico-sdk/src/common/pico_sync/mutex.c.obj
                0x2000018c                mutex_enter_blocking
 .time_critical.mutex_try_enter_block_until
                0x200001d4       0x9c CMakeFiles/GB_DIAG.dir/C_/Program_Files/Raspberry_Pi/Pico_SDK_v1.5.1/pico-sdk/src/common/pico_sync/mutex.c.obj
                0x200001d4                mutex_try_enter_block_until
 .time_critical.mutex_exit
                0x20000270       0x28 CMakeFiles/GB_DIAG.dir/C_/Program_Files/Raspberry_Pi/Pico_SDK_v1.5.1/pico-sdk/src/common/pico_sync/mutex.c.obj
                0x20000270                mutex_exit
 .time_critical.spi_write_blocking
                0x20000298       0x4c CMakeFiles/GB_DIAG.dir/C_/Program_Files/Raspberry_Pi/Pico_SDK_v1.5.1/pico-sdk/src/rp2_common/hardware_spi/spi.c.obj
                0x20000298                spi_write_blocking
 .time_critical.spi_write16_blocking
                0x200002e4       0x50 CMakeFiles/GB_DIAG.dir/C_/Program_Files/Raspberry_Pi/Pico_SDK_v1.5.1/pico-sdk/src/rp2_common/hardware_spi/spi.c.obj
                0x200002e4                spi_write16_blocking
 .time_critical.spi_irq_handler
                0x20000334       0x88 CMakeFiles/GB_DIAG.dir/C_/Users/Charles/Documents/GitHub/GB_Emu_CD/SRC/Pico-GB-20250207/ext/FatFs_SPI/sd_driver/spi.c.obj
                0x20000334                spi_irq_handler
 .time_critical.spi_transfer
                0x200003bc      0x178 CMakeFiles/GB_DIAG.dir/C_/Users/Charles/Documents/GitHub/GB_Emu_CD/SRC/Pico-GB-20250207/ext/FatFs_SPI/sd_driver/spi.c.obj
                0x200003bc                spi_transfer
 *(.text*)
 .text          0x20000534        0x4 c:/progra~1/raspbe~1/picosd~1.1/gcc-ar~1/bin/../lib/gcc/arm-none-eabi/10.3.1/thumb/v6-m/nofp\libgcc.a(_dvmd_tls.o)
                0x20000534                __aeabi_idiv0
                0x20000534                __aeabi_ldiv0
 .text.memcmp   0x20000538       0x48 c:/progra~1/raspbe~1/picosd~1.1/gcc-ar~1/bin/../lib/gcc/arm-none-eabi/10.3.1/../../../../arm-none-eabi/lib/thumb/v6-m/nofp\libc.a(lib_a-memcmp.o)
                0x20000538                memcmp
 .text.memcmp.__stub
                0x20000580       0x50 linker stubs
                0x200005d0                . = ALIGN (0x4)
 *(.rodata*)
                0x200005d0                . = ALIGN (0x4)
 *(.data*)
 .data.sd_cards
                0x200005d0      0x2a8 CMakeFiles/GB_DIAG.dir/main.c.obj
 .data.spis     0x20000878       0x40 CMakeFiles/GB_DIAG.dir/main.c.obj
 .data.striped_spin_lock_num
                0x200008b8        0x1 CMakeFiles/GB_DIAG.dir/C_/Program_Files/Raspberry_Pi/Pico_SDK_v1.5.1/pico-sdk/src/rp2_common/hardware_sync/sync.c.obj
 *fill*         0x200008b9        0x3 
 .data          0x200008bc       0x48 CMakeFiles/GB_DIAG.dir/C_/Program_Files/Raspberry_Pi/Pico_SDK_v1.5.1/pico-sdk/src/rp2_common/hardware_irq/irq_handler_chain.S.obj
                0x200008bc                irq_handler_chain_slots
                0x200008ec                irq_handler_chain_first_slot
                0x200008f6                irq_handler_chain_remove_tail
 .data.default_alarm_pool
                0x20000904       0x18 CMakeFiles/GB_DIAG.dir/C_/Program_Files/Raspberry_Pi/Pico_SDK_v1.5.1/pico-sdk/src/common/pico_time/time.c.obj
 .data.default_alarm_pool_heap
                0x2000091c       0x10 CMakeFiles/GB_DIAG.dir/C_/Program_Files/Raspberry_Pi/Pico_SDK_v1.5.1/pico-sdk/src/common/pico_time/time.c.obj
 *fill*         0x2000092c        0x4 
 .data.aeabi_bits_funcs
                0x20000930       0x10 CMakeFiles/GB_DIAG.dir/C_/Program_Files/Raspberry_Pi/Pico_SDK_v1.5.1/pico-sdk/src/rp2_common/pico_bit_ops/bit_ops_aeabi.S.obj
                0x20000930                aeabi_bits_funcs
                0x20000940                aeabi_bits_funcs_end
 .data.aeabi_mem_funcs
                0x20000940       0x10 CMakeFiles/GB_DIAG.dir/C_/Program_Files/Raspberry_Pi/Pico_SDK_v1.5.1/pico-sdk/src/rp2_common/pico_mem_ops/mem_ops_aeabi.S.obj
                0x20000940                aeabi_mem_funcs
                0x20000950                aeabi_mem_funcs_end
 .data.stdio_uart
                0x20000950       0x18 CMakeFiles/GB_DIAG.dir/C_/Program_Files/Raspberry_Pi/Pico_SDK_v1.5.1/pico-sdk/src/rp2_common/pico_stdio_uart/stdio_uart.c.obj
                0x20000950                stdio_uart
 .data.dummy.3  0x20000968        0x1 CMakeFiles/GB_DIAG.dir/C_/Users/Charles/Documents/GitHub/GB_Emu_CD/SRC/Pico-GB-20250207/ext/FatFs_SPI/sd_driver/spi.c.obj
 .data.irqShared
                0x20000969        0x1 CMakeFiles/GB_DIAG.dir/C_/Users/Charles/Documents/GitHub/GB_Emu_CD/SRC/Pico-GB-20250207/ext/FatFs_SPI/sd_driver/spi.c.obj
 *fill*         0x2000096a        0x2 
 .data._impure_ptr
                0x2000096c        0x4 c:/progra~1/raspbe~1/picosd~1.1/gcc-ar~1/bin/../lib/gcc/arm-none-eabi/10.3.1/../../../../arm-none-eabi/lib/thumb/v6-m/nofp\libc.a(lib_a-impure.o)
                0x2000096c                _impure_ptr
 .data.impure_data
                0x20000970      0x428 c:/progra~1/raspbe~1/picosd~1.1/gcc-ar~1/bin/../lib/gcc/arm-none-eabi/10.3.1/../../../../arm-none-eabi/lib/thumb/v6-m/nofp\libc.a(lib_a-impure.o)
 .data.__malloc_av_
                0x20000d98      0x408 c:/progra~1/raspbe~1/picosd~1.1/gcc-ar~1/bin/../lib/gcc/arm-none-eabi/10.3.1/../../../../arm-none-eabi/lib/thumb/v6-m/nofp\libc.a(lib_a-mallocr.o)
                0x20000d98                __malloc_av_
 .data.__malloc_sbrk_base
                0x200011a0        0x4 c:/progra~1/raspbe~1/picosd~1.1/gcc-ar~1/bin/../lib/gcc/arm-none-eabi/10.3.1/../../../../arm-none-eabi/lib/thumb/v6-m/nofp\libc.a(lib_a-mallocr.o)
                0x200011a0                __malloc_sbrk_base
 .data.__malloc_trim_threshold
                0x200011a4        0x4 c:/progra~1/raspbe~1/picosd~1.1/gcc-ar~1/bin/../lib/gcc/arm-none-eabi/10.3.1/../../../../arm-none-eabi/lib/thumb/v6-m/nofp\libc.a(lib_a-mallocr.o)
                0x200011a4                __malloc_trim_threshold
                0x200011a8                . = ALIGN (0x4)
 *(.after_data.*)
                0x200011a8                . = ALIGN (0x4)
                0x200011a8                PROVIDE (__mutex_array_start = .)
 *(SORT_BY_NAME(.mutex_array.*))
 *(.mutex_array)
 .mutex_array   0x200011a8        0x8 CMakeFiles/GB_DIAG.dir/C_/Program_Files/Raspberry_Pi/Pico_SDK_v1.5.1/pico-sdk/src/rp2_common/pico_stdio/stdio.c.obj
 .mutex_array   0x200011b0        0x8 CMakeFiles/GB_DIAG.dir/C_/Users/Charles/Documents/GitHub/GB_Emu_CD/SRC/Pico-GB-20250207/ext/FatFs_SPI/sd_driver/spi.c.obj
 .mutex_array   0x200011b8        0x8 CMakeFiles/GB_DIAG.dir/C_/Users/Charles/Documents/GitHub/GB_Emu_CD/SRC/Pico-GB-20250207/ext/FatFs_SPI/sd_driver/sd_card.c.obj
                0x200011c0                PROVIDE (__mutex_array_end = .)
                0x200011c0                . = ALIGN (0x4)
                0x200011c0                PROVIDE (__preinit_array_start = .)
 *(SORT_BY_NAME(.preinit_array.*))
 .preinit_array.00001
                0x200011c0        0x4 CMakeFiles/GB_DIAG.dir/C_/Program_Files/Raspberry_Pi/Pico_SDK_v1.5.1/pico-sdk/src/rp2_common/pico_mem_ops/mem_ops_aeabi.S.obj
 .preinit_array.00010
                0x200011c4        0x4 CMakeFiles/GB_DIAG.dir/C_/Program_Files/Raspberry_Pi/Pico_SDK_v1.5.1/pico-sdk/src/rp2_common/pico_bit_ops/bit_ops_aeabi.S.obj
 .preinit_array.00020
                0x200011c8        0x4 CMakeFiles/GB_DIAG.dir/C_/Program_Files/Raspberry_Pi/Pico_SDK_v1.5.1/pico-sdk/src/rp2_common/pico_double/double_aeabi.S.obj
 .preinit_array.00020
                0x200011cc        0x4 CMakeFiles/GB_DIAG.dir/C_/Program_Files/Raspberry_Pi/Pico_SDK_v1.5.1/pico-sdk/src/rp2_common/pico_float/float_aeabi.S.obj
 *(.preinit_array)
                0x200011d0                PROVIDE (__preinit_array_end = .)
                0x200011d0                . = ALIGN (0x4)
                0x200011d0                PROVIDE (__init_array_start = .)
 *(SORT_BY_NAME(.init_array.*))
 *(.init_array)
 .init_array    0x200011d0        0x4 c:/progra~1/raspbe~1/picosd~1.1/gcc-ar~1/bin/../lib/gcc/arm-none-eabi/10.3.1/thumb/v6-m/nofp/crtbegin.o
                0x200011d4                PROVIDE (__init_array_end = .)
                0x200011d4                . = ALIGN (0x4)
                [!provide]                PROVIDE (__fini_array_start = .)
 *(SORT_BY_NAME(.fini_array.*))
 *(.fini_array)
                [!provide]                PROVIDE (__fini_array_end = .)
 *(.jcr)
                0x200011d4                . = ALIGN (0x4)
                0x200011d4                __data_end__ = .
                0x10009dac                __etext = LOADADDR (.data)

.igot.plt       0x200011d4        0x0 load address 0x1000aec0
 .igot.plt      0x200011d4        0x0 c:/progra~1/raspbe~1/picosd~1.1/gcc-ar~1/bin/../lib/gcc/arm-none-eabi/10.3.1/thumb/v6-m/nofp/crtbegin.o

.uninitialized_data
                0x200011d4        0x0 load address 0x1000aec0
                0x200011d4                . = ALIGN (0x4)
 *(.uninitialized_data*)

.scratch_x      0x20040000        0x0 load address 0x1000aec0
                0x20040000                __scratch_x_start__ = .
 *(.scratch_x.*)
                0x20040000                . = ALIGN (0x4)
                0x20040000                __scratch_x_end__ = .
                0x1000aec0                __scratch_x_source__ = LOADADDR (.scratch_x)

.scratch_y      0x20041000        0x0 load address 0x1000aec0
                0x20041000                __scratch_y_start__ = .
 *(.scratch_y.*)
                0x20041000                . = ALIGN (0x4)
                0x20041000                __scratch_y_end__ = .
                0x1000aec0                __scratch_y_source__ = LOADADDR (.scratch_y)

.bss            0x200011d8      0x52c
                0x200011d8                . = ALIGN (0x4)
                0x200011d8                __bss_start__ = .
 *(SORT_BY_ALIGNMENT(SORT_BY_NAME(.bss*)))
 .bss.default_alarm_pool_entries
                0x200011d8      0x100 CMakeFiles/GB_DIAG.dir/C_/Program_Files/Raspberry_Pi/Pico_SDK_v1.5.1/pico-sdk/src/common/pico_time/time.c.obj
 .bss.sd_table  0x200012d8      0x100 CMakeFiles/GB_DIAG.dir/C_/Program_Files/Raspberry_Pi/Pico_SDK_v1.5.1/pico-sdk/src/rp2_common/pico_double/double_init_rom.c.obj
                0x200012d8                sd_table
 .bss.sf_table  0x200013d8      0x100 CMakeFiles/GB_DIAG.dir/C_/Program_Files/Raspberry_Pi/Pico_SDK_v1.5.1/pico-sdk/src/rp2_common/pico_float/float_init_rom.c.obj
                0x200013d8                sf_table
 .bss           0x200014d8       0x1c c:/progra~1/raspbe~1/picosd~1.1/gcc-ar~1/bin/../lib/gcc/arm-none-eabi/10.3.1/thumb/v6-m/nofp/crtbegin.o
 .bss.FatFs     0x200014f4        0x8 CMakeFiles/GB_DIAG.dir/C_/Users/Charles/Documents/GitHub/GB_Emu_CD/SRC/Pico-GB-20250207/ext/FatFs_SPI/ff15/source/ff.c.obj
 .bss.Files     0x200014fc      0x100 CMakeFiles/GB_DIAG.dir/C_/Users/Charles/Documents/GitHub/GB_Emu_CD/SRC/Pico-GB-20250207/ext/FatFs_SPI/ff15/source/ff.c.obj
 .bss.__lock___malloc_recursive_mutex
                0x200015fc        0x1 c:/progra~1/raspbe~1/picosd~1.1/gcc-ar~1/bin/../lib/gcc/arm-none-eabi/10.3.1/../../../../arm-none-eabi/lib/thumb/v6-m/nofp\libc.a(lib_a-lock.o)
                0x200015fc                __lock___malloc_recursive_mutex
 *fill*         0x200015fd        0x3 
 .bss.__lock___sfp_recursive_mutex
                0x20001600        0x1 c:/progra~1/raspbe~1/picosd~1.1/gcc-ar~1/bin/../lib/gcc/arm-none-eabi/10.3.1/../../../../arm-none-eabi/lib/thumb/v6-m/nofp\libc.a(lib_a-lock.o)
                0x20001600                __lock___sfp_recursive_mutex
 *fill*         0x20001601        0x3 
 .bss.__lock___sinit_recursive_mutex
                0x20001604        0x1 c:/progra~1/raspbe~1/picosd~1.1/gcc-ar~1/bin/../lib/gcc/arm-none-eabi/10.3.1/../../../../arm-none-eabi/lib/thumb/v6-m/nofp\libc.a(lib_a-lock.o)
                0x20001604                __lock___sinit_recursive_mutex
 *fill*         0x20001605        0x3 
 .bss.__malloc_current_mallinfo
                0x20001608       0x28 c:/progra~1/raspbe~1/picosd~1.1/gcc-ar~1/bin/../lib/gcc/arm-none-eabi/10.3.1/../../../../arm-none-eabi/lib/thumb/v6-m/nofp\libc.a(lib_a-mallocr.o)
                0x20001608                __malloc_current_mallinfo
 .bss.__malloc_top_pad
                0x20001630        0x4 c:/progra~1/raspbe~1/picosd~1.1/gcc-ar~1/bin/../lib/gcc/arm-none-eabi/10.3.1/../../../../arm-none-eabi/lib/thumb/v6-m/nofp\libc.a(lib_a-mallocr.o)
                0x20001630                __malloc_top_pad
 .bss.alarm_callbacks
                0x20001634       0x10 CMakeFiles/GB_DIAG.dir/C_/Program_Files/Raspberry_Pi/Pico_SDK_v1.5.1/pico-sdk/src/rp2_common/hardware_timer/timer.c.obj
 .bss.chars_available_callback
                0x20001644        0x4 CMakeFiles/GB_DIAG.dir/C_/Program_Files/Raspberry_Pi/Pico_SDK_v1.5.1/pico-sdk/src/rp2_common/pico_stdio_uart/stdio_uart.c.obj
 .bss.chars_available_param
                0x20001648        0x4 CMakeFiles/GB_DIAG.dir/C_/Program_Files/Raspberry_Pi/Pico_SDK_v1.5.1/pico-sdk/src/rp2_common/pico_stdio_uart/stdio_uart.c.obj
 .bss.configured_freq
                0x2000164c       0x28 CMakeFiles/GB_DIAG.dir/C_/Program_Files/Raspberry_Pi/Pico_SDK_v1.5.1/pico-sdk/src/rp2_common/hardware_clocks/clocks.c.obj
 .bss.default_alarm_pool_entry_ids_high
                0x20001674       0x10 CMakeFiles/GB_DIAG.dir/C_/Program_Files/Raspberry_Pi/Pico_SDK_v1.5.1/pico-sdk/src/common/pico_time/time.c.obj
 .bss.default_alarm_pool_heap_nodes
                0x20001684       0x30 CMakeFiles/GB_DIAG.dir/C_/Program_Files/Raspberry_Pi/Pico_SDK_v1.5.1/pico-sdk/src/common/pico_time/time.c.obj
 .bss.drivers   0x200016b4        0x4 CMakeFiles/GB_DIAG.dir/C_/Program_Files/Raspberry_Pi/Pico_SDK_v1.5.1/pico-sdk/src/rp2_common/pico_stdio/stdio.c.obj
 .bss.errno     0x200016b8        0x4 c:/progra~1/raspbe~1/picosd~1.1/gcc-ar~1/bin/../lib/gcc/arm-none-eabi/10.3.1/../../../../arm-none-eabi/lib/thumb/v6-m/nofp\libc.a(lib_a-reent.o)
                0x200016b8                errno
 .bss.filter    0x200016bc        0x4 CMakeFiles/GB_DIAG.dir/C_/Program_Files/Raspberry_Pi/Pico_SDK_v1.5.1/pico-sdk/src/rp2_common/pico_stdio/stdio.c.obj
 .bss.heap_end.0
                0x200016c0        0x4 CMakeFiles/GB_DIAG.dir/C_/Program_Files/Raspberry_Pi/Pico_SDK_v1.5.1/pico-sdk/src/rp2_common/pico_runtime/runtime.c.obj
 .bss.lazy_vsnprintf
                0x200016c4        0x4 CMakeFiles/GB_DIAG.dir/C_/Program_Files/Raspberry_Pi/Pico_SDK_v1.5.1/pico-sdk/src/rp2_common/pico_printf/printf.c.obj
 .bss.pools     0x200016c8       0x10 CMakeFiles/GB_DIAG.dir/C_/Program_Files/Raspberry_Pi/Pico_SDK_v1.5.1/pico-sdk/src/common/pico_time/time.c.obj
 .bss.sf_clz_func
                0x200016d8        0x4 CMakeFiles/GB_DIAG.dir/C_/Program_Files/Raspberry_Pi/Pico_SDK_v1.5.1/pico-sdk/src/rp2_common/pico_double/double_init_rom.c.obj
                0x200016d8                sf_clz_func
 .bss.sleep_notifier
                0x200016dc        0x4 CMakeFiles/GB_DIAG.dir/C_/Program_Files/Raspberry_Pi/Pico_SDK_v1.5.1/pico-sdk/src/common/pico_time/time.c.obj
 .bss.target_hi
                0x200016e0       0x10 CMakeFiles/GB_DIAG.dir/C_/Program_Files/Raspberry_Pi/Pico_SDK_v1.5.1/pico-sdk/src/rp2_common/hardware_timer/timer.c.obj
 .bss.uart_char_to_line_feed
                0x200016f0        0x4 CMakeFiles/GB_DIAG.dir/C_/Program_Files/Raspberry_Pi/Pico_SDK_v1.5.1/pico-sdk/src/rp2_common/hardware_uart/uart.c.obj
                0x200016f0                uart_char_to_line_feed
 .bss.uart_instance
                0x200016f4        0x4 CMakeFiles/GB_DIAG.dir/C_/Program_Files/Raspberry_Pi/Pico_SDK_v1.5.1/pico-sdk/src/rp2_common/pico_stdio_uart/stdio_uart.c.obj
 .bss.Fsid      0x200016f8        0x2 CMakeFiles/GB_DIAG.dir/C_/Users/Charles/Documents/GitHub/GB_Emu_CD/SRC/Pico-GB-20250207/ext/FatFs_SPI/ff15/source/ff.c.obj
 .bss._claimed  0x200016fa        0x2 CMakeFiles/GB_DIAG.dir/C_/Program_Files/Raspberry_Pi/Pico_SDK_v1.5.1/pico-sdk/src/rp2_common/hardware_dma/dma.c.obj
 .bss.CurrVol   0x200016fc        0x1 CMakeFiles/GB_DIAG.dir/C_/Users/Charles/Documents/GitHub/GB_Emu_CD/SRC/Pico-GB-20250207/ext/FatFs_SPI/ff15/source/ff.c.obj
 .bss.claimed   0x200016fd        0x1 CMakeFiles/GB_DIAG.dir/C_/Program_Files/Raspberry_Pi/Pico_SDK_v1.5.1/pico-sdk/src/rp2_common/hardware_timer/timer.c.obj
 .bss.initialized.0
                0x200016fe        0x1 CMakeFiles/GB_DIAG.dir/C_/Users/Charles/Documents/GitHub/GB_Emu_CD/SRC/Pico-GB-20250207/ext/FatFs_SPI/sd_driver/sd_card.c.obj
 .bss.irqChannel1
                0x200016ff        0x1 CMakeFiles/GB_DIAG.dir/C_/Users/Charles/Documents/GitHub/GB_Emu_CD/SRC/Pico-GB-20250207/ext/FatFs_SPI/sd_driver/spi.c.obj
 .bss.irq_hander_chain_free_slot_head
                0x20001700        0x1 CMakeFiles/GB_DIAG.dir/C_/Program_Files/Raspberry_Pi/Pico_SDK_v1.5.1/pico-sdk/src/rp2_common/hardware_irq/irq.c.obj
 .bss.timer_callbacks_pending
                0x20001701        0x1 CMakeFiles/GB_DIAG.dir/C_/Program_Files/Raspberry_Pi/Pico_SDK_v1.5.1/pico-sdk/src/rp2_common/hardware_timer/timer.c.obj
 *(COMMON)
                0x20001704                . = ALIGN (0x4)
 *fill*         0x20001702        0x2 
                0x20001704                __bss_end__ = .

.heap           0x20001704      0x800
                0x20001704                __end__ = .
                0x20001704                end = __end__
 *(.heap*)
 .heap          0x20001704      0x800 CMakeFiles/GB_DIAG.dir/C_/Program_Files/Raspberry_Pi/Pico_SDK_v1.5.1/pico-sdk/src/rp2_common/pico_standard_link/crt0.S.obj
                0x20001f04                __HeapLimit = .

.stack1_dummy   0x20040000        0x0
 *(.stack1*)

.stack_dummy    0x20041000      0x800
 *(.stack*)
 .stack         0x20041000      0x800 CMakeFiles/GB_DIAG.dir/C_/Program_Files/Raspberry_Pi/Pico_SDK_v1.5.1/pico-sdk/src/rp2_common/pico_standard_link/crt0.S.obj

.flash_end      0x1000aec0        0x0
                0x1000aec0                PROVIDE (__flash_binary_end = .)
                0x20040000                __StackLimit = (ORIGIN (RAM) + LENGTH (RAM))
                0x20041000                __StackOneTop = (ORIGIN (SCRATCH_X) + LENGTH (SCRATCH_X))
                0x20042000                __StackTop = (ORIGIN (SCRATCH_Y) + LENGTH (SCRATCH_Y))
                0x20041000                __StackOneBottom = (__StackOneTop - SIZEOF (.stack1_dummy))
                0x20041800                __StackBottom = (__StackTop - SIZEOF (.stack_dummy))
                0x20042000                PROVIDE (__stack = __StackTop)
                0x00000001                ASSERT ((__StackLimit >= __HeapLimit), region RAM overflowed)
                0x00000001                ASSERT (((__binary_info_header_end - __logical_binary_start) <= 0x100), Binary info must be in first 256 bytes of the binary)
LOAD CMakeFiles/GB_DIAG.dir/main.c.obj
LOAD CMakeFiles/GB_DIAG.dir/C_/Users/Charles/Documents/GitHub/GB_Emu_CD/SRC/Pico-GB-20250207/src/mk_ili9225.c.obj
LOAD CMakeFiles/GB_DIAG.dir/C_/Program_Files/Raspberry_Pi/Pico_SDK_v1.5.1/pico-sdk/src/rp2_common/pico_stdlib/stdlib.c.obj
LOAD CMakeFiles/GB_DIAG.dir/C_/Program_Files/Raspberry_Pi/Pico_SDK_v1.5.1/pico-sdk/src/rp2_common/hardware_gpio/gpio.c.obj
LOAD CMakeFiles/GB_DIAG.dir/C_/Program_Files/Raspberry_Pi/Pico_SDK_v1.5.1/pico-sdk/src/rp2_common/pico_platform/platform.c.obj
LOAD CMakeFiles/GB_DIAG.dir/C_/Program_Files/Raspberry_Pi/Pico_SDK_v1.5.1/pico-sdk/src/rp2_common/hardware_claim/claim.c.obj
LOAD CMakeFiles/GB_DIAG.dir/C_/Program_Files/Raspberry_Pi/Pico_SDK_v1.5.1/pico-sdk/src/rp2_common/hardware_sync/sync.c.obj
LOAD CMakeFiles/GB_DIAG.dir/C_/Program_Files/Raspberry_Pi/Pico_SDK_v1.5.1/pico-sdk/src/rp2_common/hardware_irq/irq.c.obj
LOAD CMakeFiles/GB_DIAG.dir/C_/Program_Files/Raspberry_Pi/Pico_SDK_v1.5.1/pico-sdk/src/rp2_common/hardware_irq/irq_handler_chain.S.obj
LOAD CMakeFiles/GB_DIAG.dir/C_/Program_Files/Raspberry_Pi/Pico_SDK_v1.5.1/pico-sdk/src/common/pico_sync/sem.c.obj
LOAD CMakeFiles/GB_DIAG.dir/C_/Program_Files/Raspberry_Pi/Pico_SDK_v1.5.1/pico-sdk/src/common/pico_sync/lock_core.c.obj
LOAD CMakeFiles/GB_DIAG.dir/C_/Program_Files/Raspberry_Pi/Pico_SDK_v1.5.1/pico-sdk/src/common/pico_sync/mutex.c.obj
LOAD CMakeFiles/GB_DIAG.dir/C_/Program_Files/Raspberry_Pi/Pico_SDK_v1.5.1/pico-sdk/src/common/pico_sync/critical_section.c.obj
LOAD CMakeFiles/GB_DIAG.dir/C_/Program_Files/Raspberry_Pi/Pico_SDK_v1.5.1/pico-sdk/src/common/pico_time/time.c.obj
LOAD CMakeFiles/GB_DIAG.dir/C_/Program_Files/Raspberry_Pi/Pico_SDK_v1.5.1/pico-sdk/src/common/pico_time/timeout_helper.c.obj
LOAD CMakeFiles/GB_DIAG.dir/C_/Program_Files/Raspberry_Pi/Pico_SDK_v1.5.1/pico-sdk/src/rp2_common/hardware_timer/timer.c.obj
LOAD CMakeFiles/GB_DIAG.dir/C_/Program_Files/Raspberry_Pi/Pico_SDK_v1.5.1/pico-sdk/src/common/pico_util/datetime.c.obj
LOAD CMakeFiles/GB_DIAG.dir/C_/Program_Files/Raspberry_Pi/Pico_SDK_v1.5.1/pico-sdk/src/common/pico_util/pheap.c.obj
LOAD CMakeFiles/GB_DIAG.dir/C_/Program_Files/Raspberry_Pi/Pico_SDK_v1.5.1/pico-sdk/src/common/pico_util/queue.c.obj
LOAD CMakeFiles/GB_DIAG.dir/C_/Program_Files/Raspberry_Pi/Pico_SDK_v1.5.1/pico-sdk/src/rp2_common/hardware_uart/uart.c.obj
LOAD CMakeFiles/GB_DIAG.dir/C_/Program_Files/Raspberry_Pi/Pico_SDK_v1.5.1/pico-sdk/src/rp2_common/hardware_clocks/clocks.c.obj
LOAD CMakeFiles/GB_DIAG.dir/C_/Program_Files/Raspberry_Pi/Pico_SDK_v1.5.1/pico-sdk/src/rp2_common/hardware_pll/pll.c.obj
LOAD CMakeFiles/GB_DIAG.dir/C_/Program_Files/Raspberry_Pi/Pico_SDK_v1.5.1/pico-sdk/src/rp2_common/hardware_vreg/vreg.c.obj
LOAD CMakeFiles/GB_DIAG.dir/C_/Program_Files/Raspberry_Pi/Pico_SDK_v1.5.1/pico-sdk/src/rp2_common/hardware_watchdog/watchdog.c.obj
LOAD CMakeFiles/GB_DIAG.dir/C_/Program_Files/Raspberry_Pi/Pico_SDK_v1.5.1/pico-sdk/src/rp2_common/hardware_xosc/xosc.c.obj
LOAD CMakeFiles/GB_DIAG.dir/C_/Program_Files/Raspberry_Pi/Pico_SDK_v1.5.1/pico-sdk/src/rp2_common/hardware_divider/divider.S.obj
LOAD CMakeFiles/GB_DIAG.dir/C_/Program_Files/Raspberry_Pi/Pico_SDK_v1.5.1/pico-sdk/src/rp2_common/pico_runtime/runtime.c.obj
LOAD CMakeFiles/GB_DIAG.dir/C_/Program_Files/Raspberry_Pi/Pico_SDK_v1.5.1/pico-sdk/src/rp2_common/pico_printf/printf.c.obj
LOAD CMakeFiles/GB_DIAG.dir/C_/Program_Files/Raspberry_Pi/Pico_SDK_v1.5.1/pico-sdk/src/rp2_common/pico_bit_ops/bit_ops_aeabi.S.obj
LOAD CMakeFiles/GB_DIAG.dir/C_/Program_Files/Raspberry_Pi/Pico_SDK_v1.5.1/pico-sdk/src/rp2_common/pico_bootrom/bootrom.c.obj
LOAD CMakeFiles/GB_DIAG.dir/C_/Program_Files/Raspberry_Pi/Pico_SDK_v1.5.1/pico-sdk/src/rp2_common/pico_divider/divider.S.obj
LOAD CMakeFiles/GB_DIAG.dir/C_/Program_Files/Raspberry_Pi/Pico_SDK_v1.5.1/pico-sdk/src/rp2_common/pico_double/double_aeabi.S.obj
LOAD CMakeFiles/GB_DIAG.dir/C_/Program_Files/Raspberry_Pi/Pico_SDK_v1.5.1/pico-sdk/src/rp2_common/pico_double/double_init_rom.c.obj
LOAD CMakeFiles/GB_DIAG.dir/C_/Program_Files/Raspberry_Pi/Pico_SDK_v1.5.1/pico-sdk/src/rp2_common/pico_double/double_math.c.obj
LOAD CMakeFiles/GB_DIAG.dir/C_/Program_Files/Raspberry_Pi/Pico_SDK_v1.5.1/pico-sdk/src/rp2_common/pico_double/double_v1_rom_shim.S.obj
LOAD CMakeFiles/GB_DIAG.dir/C_/Program_Files/Raspberry_Pi/Pico_SDK_v1.5.1/pico-sdk/src/rp2_common/pico_int64_ops/pico_int64_ops_aeabi.S.obj
LOAD CMakeFiles/GB_DIAG.dir/C_/Program_Files/Raspberry_Pi/Pico_SDK_v1.5.1/pico-sdk/src/rp2_common/pico_float/float_aeabi.S.obj
LOAD CMakeFiles/GB_DIAG.dir/C_/Program_Files/Raspberry_Pi/Pico_SDK_v1.5.1/pico-sdk/src/rp2_common/pico_float/float_init_rom.c.obj
LOAD CMakeFiles/GB_DIAG.dir/C_/Program_Files/Raspberry_Pi/Pico_SDK_v1.5.1/pico-sdk/src/rp2_common/pico_float/float_math.c.obj
LOAD CMakeFiles/GB_DIAG.dir/C_/Program_Files/Raspberry_Pi/Pico_SDK_v1.5.1/pico-sdk/src/rp2_common/pico_float/float_v1_rom_shim.S.obj
LOAD CMakeFiles/GB_DIAG.dir/C_/Program_Files/Raspberry_Pi/Pico_SDK_v1.5.1/pico-sdk/src/rp2_common/pico_malloc/pico_malloc.c.obj
LOAD CMakeFiles/GB_DIAG.dir/C_/Program_Files/Raspberry_Pi/Pico_SDK_v1.5.1/pico-sdk/src/rp2_common/pico_mem_ops/mem_ops_aeabi.S.obj
LOAD CMakeFiles/GB_DIAG.dir/C_/Program_Files/Raspberry_Pi/Pico_SDK_v1.5.1/pico-sdk/src/rp2_common/pico_standard_link/crt0.S.obj
LOAD CMakeFiles/GB_DIAG.dir/C_/Program_Files/Raspberry_Pi/Pico_SDK_v1.5.1/pico-sdk/src/rp2_common/pico_standard_link/new_delete.cpp.obj
LOAD CMakeFiles/GB_DIAG.dir/C_/Program_Files/Raspberry_Pi/Pico_SDK_v1.5.1/pico-sdk/src/rp2_common/pico_standard_link/binary_info.c.obj
LOAD CMakeFiles/GB_DIAG.dir/C_/Program_Files/Raspberry_Pi/Pico_SDK_v1.5.1/pico-sdk/src/rp2_common/pico_stdio/stdio.c.obj
LOAD CMakeFiles/GB_DIAG.dir/C_/Program_Files/Raspberry_Pi/Pico_SDK_v1.5.1/pico-sdk/src/rp2_common/pico_stdio_uart/stdio_uart.c.obj
LOAD CMakeFiles/GB_DIAG.dir/C_/Program_Files/Raspberry_Pi/Pico_SDK_v1.5.1/pico-sdk/src/rp2_common/hardware_spi/spi.c.obj
LOAD CMakeFiles/GB_DIAG.dir/C_/Users/Charles/Documents/GitHub/GB_Emu_CD/SRC/Pico-GB-20250207/ext/FatFs_SPI/ff15/source/ffsystem.c.obj
LOAD CMakeFiles/GB_DIAG.dir/C_/Users/Charles/Documents/GitHub/GB_Emu_CD/SRC/Pico-GB-20250207/ext/FatFs_SPI/ff15/source/ffunicode.c.obj
LOAD CMakeFiles/GB_DIAG.dir/C_/Users/Charles/Documents/GitHub/GB_Emu_CD/SRC/Pico-GB-20250207/ext/FatFs_SPI/ff15/source/ff.c.obj
LOAD CMakeFiles/GB_DIAG.dir/C_/Users/Charles/Documents/GitHub/GB_Emu_CD/SRC/Pico-GB-20250207/ext/FatFs_SPI/sd_driver/sd_spi.c.obj
LOAD CMakeFiles/GB_DIAG.dir/C_/Users/Charles/Documents/GitHub/GB_Emu_CD/SRC/Pico-GB-20250207/ext/FatFs_SPI/sd_driver/demo_logging.c.obj
LOAD CMakeFiles/GB_DIAG.dir/C_/Users/Charles/Documents/GitHub/GB_Emu_CD/SRC/Pico-GB-20250207/ext/FatFs_SPI/sd_driver/spi.c.obj
LOAD CMakeFiles/GB_DIAG.dir/C_/Users/Charles/Documents/GitHub/GB_Emu_CD/SRC/Pico-GB-20250207/ext/FatFs_SPI/sd_driver/sd_card.c.obj